Component: ARM Compiler 5.06 update 6 (build 750) Tool: armlink [4d35ed]

==============================================================================

Section Cross References

    at32f435_437_int.o(i.CortexM_Get_Us) refers to at32f435_437_int.o(.data) for Tick_Us_High
    at32f435_437_int.o(i.DMA1_Channel1_IRQHandler) refers to at32f435_437_dma.o(i.dma_flag_get) for dma_flag_get
    at32f435_437_int.o(i.DMA1_Channel1_IRQHandler) refers to at32f435_437_dma.o(i.dma_flag_clear) for dma_flag_clear
    at32f435_437_int.o(i.DMA1_Channel1_IRQHandler) refers to at32f435_437_dma.o(i.dma_channel_enable) for dma_channel_enable
    at32f435_437_int.o(i.DMA1_Channel1_IRQHandler) refers to uart_serve.o(i.serial_receive) for serial_receive
    at32f435_437_int.o(i.DMA1_Channel1_IRQHandler) refers to wk_dma.o(i.wk_dma_channel_config) for wk_dma_channel_config
    at32f435_437_int.o(i.DMA1_Channel1_IRQHandler) refers to uart_serve.o(.bss) for USART2_RX_BUF1
    at32f435_437_int.o(i.DMA1_Channel2_IRQHandler) refers to at32f435_437_dma.o(i.dma_flag_get) for dma_flag_get
    at32f435_437_int.o(i.DMA1_Channel2_IRQHandler) refers to at32f435_437_dma.o(i.dma_flag_clear) for dma_flag_clear
    at32f435_437_int.o(i.DMA1_Channel2_IRQHandler) refers to at32f435_437_dma.o(i.dma_channel_enable) for dma_channel_enable
    at32f435_437_int.o(i.DMA1_Channel2_IRQHandler) refers to serialboot.o(.data) for usart1_tx_dma_busy
    at32f435_437_int.o(i.TMR5_GLOBAL_IRQHandler) refers to at32f435_437_int.o(.data) for Tick_Us_High
    at32f435_437_int.o(i.USART1_IRQHandler) refers to at32f435_437_usart.o(i.usart_flag_clear) for usart_flag_clear
    at32f435_437_int.o(i.USART1_IRQHandler) refers to at32f435_437_dma.o(i.dma_channel_enable) for dma_channel_enable
    at32f435_437_int.o(i.USART1_IRQHandler) refers to uart_serve.o(i.serial_receive) for serial_receive
    at32f435_437_int.o(i.USART1_IRQHandler) refers to wk_dma.o(i.wk_dma_channel_config) for wk_dma_channel_config
    at32f435_437_int.o(i.USART1_IRQHandler) refers to uart_serve.o(.bss) for USART2_RX_BUF1
    at32f435_437_wk_config.o(i.wk_nvic_config) refers to at32f435_437_misc.o(i.nvic_priority_group_config) for nvic_priority_group_config
    at32f435_437_wk_config.o(i.wk_nvic_config) refers to at32f435_437_wk_config.o(i.__NVIC_GetPriorityGrouping) for __NVIC_GetPriorityGrouping
    at32f435_437_wk_config.o(i.wk_nvic_config) refers to at32f435_437_wk_config.o(i.NVIC_EncodePriority) for NVIC_EncodePriority
    at32f435_437_wk_config.o(i.wk_nvic_config) refers to at32f435_437_wk_config.o(i.__NVIC_SetPriority) for __NVIC_SetPriority
    at32f435_437_wk_config.o(i.wk_nvic_config) refers to at32f435_437_misc.o(i.nvic_irq_enable) for nvic_irq_enable
    at32f435_437_wk_config.o(i.wk_periph_clock_config) refers to at32f435_437_crm.o(i.crm_periph_clock_enable) for crm_periph_clock_enable
    at32f435_437_wk_config.o(i.wk_system_clock_config) refers to at32f435_437_crm.o(i.crm_reset) for crm_reset
    at32f435_437_wk_config.o(i.wk_system_clock_config) refers to at32f435_437_crm.o(i.crm_periph_clock_enable) for crm_periph_clock_enable
    at32f435_437_wk_config.o(i.wk_system_clock_config) refers to at32f435_437_crm.o(i.crm_clock_source_enable) for crm_clock_source_enable
    at32f435_437_wk_config.o(i.wk_system_clock_config) refers to at32f435_437_crm.o(i.crm_flag_get) for crm_flag_get
    at32f435_437_wk_config.o(i.wk_system_clock_config) refers to at32f435_437_crm.o(i.crm_hext_stable_wait) for crm_hext_stable_wait
    at32f435_437_wk_config.o(i.wk_system_clock_config) refers to at32f435_437_crm.o(i.crm_pll_config) for crm_pll_config
    at32f435_437_wk_config.o(i.wk_system_clock_config) refers to at32f435_437_crm.o(i.crm_ahb_div_set) for crm_ahb_div_set
    at32f435_437_wk_config.o(i.wk_system_clock_config) refers to at32f435_437_crm.o(i.crm_apb2_div_set) for crm_apb2_div_set
    at32f435_437_wk_config.o(i.wk_system_clock_config) refers to at32f435_437_crm.o(i.crm_apb1_div_set) for crm_apb1_div_set
    at32f435_437_wk_config.o(i.wk_system_clock_config) refers to at32f435_437_crm.o(i.crm_auto_step_mode_enable) for crm_auto_step_mode_enable
    at32f435_437_wk_config.o(i.wk_system_clock_config) refers to at32f435_437_crm.o(i.crm_sysclk_switch) for crm_sysclk_switch
    at32f435_437_wk_config.o(i.wk_system_clock_config) refers to at32f435_437_crm.o(i.crm_sysclk_switch_status_get) for crm_sysclk_switch_status_get
    at32f435_437_wk_config.o(i.wk_system_clock_config) refers to system_at32f435_437.o(i.system_core_clock_update) for system_core_clock_update
    main.o(i.Shift_Firmware) refers to iap.o(i.SetBootStatus) for SetBootStatus
    main.o(i.main) refers to at32f435_437_crm.o(i.crm_periph_clock_enable) for crm_periph_clock_enable
    main.o(i.main) refers to at32f435_437_pwc.o(i.pwc_battery_powered_domain_access) for pwc_battery_powered_domain_access
    main.o(i.main) refers to at32f435_437_ertc.o(i.ertc_bpr_data_read) for ertc_bpr_data_read
[...]
    .ARM.Collect$$libinit$$0000001B          0x08000286   Section        0  libinit2.o(.ARM.Collect$$libinit$$0000001B)
    .ARM.Collect$$libinit$$0000001D          0x08000286   Section        0  libinit2.o(.ARM.Collect$$libinit$$0000001D)
    .ARM.Collect$$libinit$$0000001F          0x08000286   Section        0  libinit2.o(.ARM.Collect$$libinit$$0000001F)
    .ARM.Collect$$libinit$$00000021          0x08000286   Section        0  libinit2.o(.ARM.Collect$$libinit$$00000021)
    .ARM.Collect$$libinit$$00000023          0x08000286   Section        0  libinit2.o(.ARM.Collect$$libinit$$00000023)
    .ARM.Collect$$libinit$$00000025          0x08000286   Section        0  libinit2.o(.ARM.Collect$$libinit$$00000025)
    .ARM.Collect$$libinit$$0000002C          0x08000286   Section        0  libinit2.o(.ARM.Collect$$libinit$$0000002C)
    .ARM.Collect$$libinit$$0000002E          0x08000286   Section        0  libinit2.o(.ARM.Collect$$libinit$$0000002E)
    .ARM.Collect$$libinit$$00000030          0x08000286   Section        0  libinit2.o(.ARM.Collect$$libinit$$00000030)
    .ARM.Collect$$libinit$$00000032          0x08000286   Section        0  libinit2.o(.ARM.Collect$$libinit$$00000032)
    .ARM.Collect$$libinit$$00000033          0x08000286   Section        2  libinit2.o(.ARM.Collect$$libinit$$00000033)
    .ARM.Collect$$libshutdown$$00000000      0x08000288   Section        2  libshutdown.o(.ARM.Collect$$libshutdown$$00000000)
    .ARM.Collect$$libshutdown$$00000002      0x0800028a   Section        0  libshutdown2.o(.ARM.Collect$$libshutdown$$00000002)
    .ARM.Collect$$libshutdown$$00000004      0x0800028a   Section        0  libshutdown2.o(.ARM.Collect$$libshutdown$$00000004)
    .ARM.Collect$$libshutdown$$00000007      0x0800028a   Section        0  libshutdown2.o(.ARM.Collect$$libshutdown$$00000007)
    .ARM.Collect$$libshutdown$$0000000A      0x0800028a   Section        0  libshutdown2.o(.ARM.Collect$$libshutdown$$0000000A)
    .ARM.Collect$$libshutdown$$0000000C      0x0800028a   Section        0  libshutdown2.o(.ARM.Collect$$libshutdown$$0000000C)
    .ARM.Collect$$libshutdown$$0000000F      0x0800028a   Section        0  libshutdown2.o(.ARM.Collect$$libshutdown$$0000000F)
    .ARM.Collect$$libshutdown$$00000010      0x0800028a   Section        2  libshutdown2.o(.ARM.Collect$$libshutdown$$00000010)
    .ARM.Collect$$rtentry$$00000000          0x0800028c   Section        0  __rtentry.o(.ARM.Collect$$rtentry$$00000000)
    .ARM.Collect$$rtentry$$00000002          0x0800028c   Section        0  __rtentry2.o(.ARM.Collect$$rtentry$$00000002)
    .ARM.Collect$$rtentry$$00000004          0x0800028c   Section        6  __rtentry4.o(.ARM.Collect$$rtentry$$00000004)
    .ARM.Collect$$rtentry$$00000009          0x08000292   Section        0  __rtentry2.o(.ARM.Collect$$rtentry$$00000009)
    .ARM.Collect$$rtentry$$0000000A          0x08000292   Section        4  __rtentry2.o(.ARM.Collect$$rtentry$$0000000A)
    .ARM.Collect$$rtentry$$0000000C          0x08000296   Section        0  __rtentry2.o(.ARM.Collect$$rtentry$$0000000C)
    .ARM.Collect$$rtentry$$0000000D          0x08000296   Section        8  __rtentry2.o(.ARM.Collect$$rtentry$$0000000D)
    .ARM.Collect$$rtexit$$00000000           0x0800029e   Section        2  rtexit.o(.ARM.Collect$$rtexit$$00000000)
    .ARM.Collect$$rtexit$$00000002           0x080002a0   Section        0  rtexit2.o(.ARM.Collect$$rtexit$$00000002)
    .ARM.Collect$$rtexit$$00000003           0x080002a0   Section        4  rtexit2.o(.ARM.Collect$$rtexit$$00000003)
    .ARM.Collect$$rtexit$$00000004           0x080002a4   Section        6  rtexit2.o(.ARM.Collect$$rtexit$$00000004)
    .text                                    0x080002ac   Section       64  startup_at32f435_437.o(.text)
    $v0                                      0x080002ac   Number         0  startup_at32f435_437.o(.text)
    .text                                    0x080002ec   Section      238  lludivv7m.o(.text)
    .text                                    0x080003da   Section      138  rt_memcpy_v6.o(.text)
    .text                                    0x08000464   Section        0  heapauxi.o(.text)
    .text                                    0x0800046a   Section      100  rt_memcpy_w.o(.text)
    .text                                    0x080004d0   Section        8  libspace.o(.text)
    .text                                    0x080004d8   Section        2  use_no_semi.o(.text)
    .text                                    0x080004da   Section        0  indicate_semi.o(.text)
    .text                                    0x080004da   Section       74  sys_stackheap_outer.o(.text)
    .text                                    0x08000524   Section        0  exit.o(.text)
    .text                                    0x08000538   Section        0  sys_exit.o(.text)
    i.BusFault_Handler                       0x08000544   Section        0  at32f435_437_int.o(i.BusFault_Handler)
    i.CRC16_Table                            0x08000548   Section        0  decode.o(i.CRC16_Table)
    i.CRC32_Table                            0x08000574   Section        0  decode.o(i.CRC32_Table)
    i.CRC32_Table_Without                    0x080005a8   Section        0  decode.o(i.CRC32_Table_Without)
    i.CRC8_Table                             0x080005e8   Section        0  decode.o(i.CRC8_Table)
    i.CortexM_Get_Us                         0x0800060c   Section        0  at32f435_437_int.o(i.CortexM_Get_Us)
    i.DMA1_Channel1_IRQHandler               0x08000648   Section        0  at32f435_437_int.o(i.DMA1_Channel1_IRQHandler)
    i.DMA1_Channel2_IRQHandler               0x0800069c   Section        0  at32f435_437_int.o(i.DMA1_Channel2_IRQHandler)
    i.DebugMon_Handler                       0x080006c4   Section        0  at32f435_437_int.o(i.DebugMon_Handler)
    i.DecodeMCU                              0x080006c8   Section        0  decode.o(i.DecodeMCU)
    i.DecodeMessage                          0x08000718   Section        0  decode.o(i.DecodeMessage)
    i.FDI_Flash_Program                      0x08000768   Section        0  serialboot.o(i.FDI_Flash_Program)
    i.FDI_Get_ChipID_128                     0x080007a0   Section        0  hardware_name.o(i.FDI_Get_ChipID_128)
    i.Firmware_Check                         0x080007cc   Section        0  iap.o(i.Firmware_Check)
    i.GetBit                                 0x0800085c   Section        0  decode.o(i.GetBit)
    GetBit                                   0x0800085d   Thumb Code    24  decode.o(i.GetBit)
    i.Get_Hardware_Name                      0x08000874   Section        0  hardware_name.o(i.Get_Hardware_Name)
    i.HardFault_Handler                      0x08000890   Section        0  at32f435_437_int.o(i.HardFault_Handler)
    i.IAP                                    0x08000894   Section        0  iap.o(i.IAP)
    i.MemManage_Handler                      0x0800094c   Section        0  at32f435_437_int.o(i.MemManage_Handler)
    i.NMI_Handler                            0x08000950   Section        0  at32f435_437_int.o(i.NMI_Handler)
    i.NVIC_EncodePriority                    0x08000952   Section        0  at32f435_437_wk_config.o(i.NVIC_EncodePriority)
    NVIC_EncodePriority                      0x08000953   Thumb Code    64  at32f435_437_wk_config.o(i.NVIC_EncodePriority)
    i.PendSV_Handler                         0x08000992   Section        0  at32f435_437_int.o(i.PendSV_Handler)
    i.ResetMCU                               0x08000994   Section        0  iap.o(i.ResetMCU)
    ResetMCU                                 0x08000995   Thumb Code    36  iap.o(i.ResetMCU)
    i.SVC_Handler                            0x080009c0   Section        0  at32f435_437_int.o(i.SVC_Handler)
    i.SerialBoot_CheckData                   0x080009c4   Section        0  serialboot.o(i.SerialBoot_CheckData)
    i.SerialBoot_Download                    0x080009e4   Section        0  serialboot.o(i.SerialBoot_Download)
    i.SerialBoot_Download_Message            0x08000a48   Section        0  serialboot.o(i.SerialBoot_Download_Message)
    i.SerialBoot_Effect                      0x08000aac   Section        0  serialboot.o(i.SerialBoot_Effect)
    i.SerialBoot_Erasure                     0x08000b7c   Section        0  serialboot.o(i.SerialBoot_Erasure)
    i.SerialBoot_Error                       0x08000bb4   Section        0  serialboot.o(i.SerialBoot_Error)
    i.SerialBoot_FirmwareName                0x08000bc0   Section        0  serialboot.o(i.SerialBoot_FirmwareName)
    SerialBoot_FirmwareName                  0x08000bc1   Thumb Code    78  serialboot.o(i.SerialBoot_FirmwareName)
    i.SerialBoot_Initialize                  0x08000c14   Section        0  serialboot.o(i.SerialBoot_Initialize)
    i.SerialBoot_Insert                      0x08000c58   Section        0  serialboot.o(i.SerialBoot_Insert)
    i.SerialBoot_MCUReset                    0x08000cb8   Section        0  serialboot.o(i.SerialBoot_MCUReset)
    i.SerialBoot_Name                        0x08000d14   Section        0  serialboot.o(i.SerialBoot_Name)
    SerialBoot_Name                          0x08000d15   Thumb Code    66  serialboot.o(i.SerialBoot_Name)
    i.SerialBoot_Receive                     0x08000d60   Section        0  serialboot.o(i.SerialBoot_Receive)
    i.SerialBoot_Reset                       0x08000dd8   Section        0  serialboot.o(i.SerialBoot_Reset)
    i.SerialBoot_RunningData                 0x08000e04   Section        0  serialboot.o(i.SerialBoot_RunningData)
    i.SerialBoot_Send                        0x08000f6c   Section        0  serialboot.o(i.SerialBoot_Send)
    i.SerialBoot_SendOver                    0x08000ff8   Section        0  serialboot.o(i.SerialBoot_SendOver)
    i.SerialBoot_Unlock                      0x08001018   Section        0  serialboot.o(i.SerialBoot_Unlock)
    i.SerialBoot_Version                     0x08001020   Section        0  serialboot.o(i.SerialBoot_Version)
    i.SerialWrite                            0x080010c4   Section        0  serialboot.o(i.SerialWrite)
    i.SetBootStatus                          0x08001130   Section        0  iap.o(i.SetBootStatus)
    i.Shift_Firmware                         0x08001160   Section        0  main.o(i.Shift_Firmware)
    i.SysTick_Handler                        0x080011b8   Section        0  at32f435_437_int.o(i.SysTick_Handler)
    i.SystemInit                             0x080011bc   Section        0  system_at32f435_437.o(i.SystemInit)
    i.TMR5_GLOBAL_IRQHandler                 0x0800124c   Section        0  at32f435_437_int.o(i.TMR5_GLOBAL_IRQHandler)
    i.ToBlock56bits                          0x08001284   Section        0  decode.o(i.ToBlock56bits)
    ToBlock56bits                            0x08001285   Thumb Code    86  decode.o(i.ToBlock56bits)
    i.ToBlocks                               0x080012da   Section        0  decode.o(i.ToBlocks)
    ToBlocks                                 0x080012db   Thumb Code    38  decode.o(i.ToBlocks)
    i.ToValue56bits                          0x08001300   Section        0  decode.o(i.ToValue56bits)
    ToValue56bits                            0x08001301   Thumb Code    74  decode.o(i.ToValue56bits)
    i.ToValues                               0x0800134a   Section        0  decode.o(i.ToValues)
    ToValues                                 0x0800134b   Thumb Code    38  decode.o(i.ToValues)
    i.UART_RingSpaceInit_ByBaudrate          0x08001370   Section        0  uart_serve.o(i.UART_RingSpaceInit_ByBaudrate)
    i.UART_Serve_Init                        0x08001488   Section        0  uart_serve.o(i.UART_Serve_Init)
    i.USART1_IRQHandler                      0x080014c8   Section        0  at32f435_437_int.o(i.USART1_IRQHandler)
    i.UsageFault_Handler                     0x0800151c   Section        0  at32f435_437_int.o(i.UsageFault_Handler)
    i.__NVIC_GetPriorityGrouping             0x08001520   Section        0  at32f435_437_wk_config.o(i.__NVIC_GetPriorityGrouping)
    __NVIC_GetPriorityGrouping               0x08001521   Thumb Code    10  at32f435_437_wk_config.o(i.__NVIC_GetPriorityGrouping)
    i.__NVIC_SetPriority                     0x08001530   Section        0  at32f435_437_wk_config.o(i.__NVIC_SetPriority)
    __NVIC_SetPriority                       0x08001531   Thumb Code    32  at32f435_437_wk_config.o(i.__NVIC_SetPriority)
    i.__set_PRIMASK                          0x08001558   Section        0  uart_serve.o(i.__set_PRIMASK)
    __set_PRIMASK                            0x08001559   Thumb Code     6  uart_serve.o(i.__set_PRIMASK)
    i.crm_ahb_div_set                        0x08001560   Section        0  at32f435_437_crm.o(i.crm_ahb_div_set)
    i.crm_apb1_div_set                       0x08001574   Section        0  at32f435_437_crm.o(i.crm_apb1_div_set)
    i.crm_apb2_div_set                       0x08001588   Section        0  at32f435_437_crm.o(i.crm_apb2_div_set)
    i.crm_auto_step_mode_enable              0x0800159c   Section        0  at32f435_437_crm.o(i.crm_auto_step_mode_enable)
    i.crm_clock_source_enable                0x080015c4   Section        0  at32f435_437_crm.o(i.crm_clock_source_enable)
    i.crm_clocks_freq_get                    0x0800162c   Section        0  at32f435_437_crm.o(i.crm_clocks_freq_get)
    i.crm_flag_get                           0x08001740   Section        0  at32f435_437_crm.o(i.crm_flag_get)
    i.crm_hext_stable_wait                   0x08001770   Section        0  at32f435_437_crm.o(i.crm_hext_stable_wait)
    i.crm_periph_clock_enable                0x080017a0   Section        0  at32f435_437_crm.o(i.crm_periph_clock_enable)
    i.crm_pll_config                         0x080017ec   Section        0  at32f435_437_crm.o(i.crm_pll_config)
    i.crm_reset                              0x08001834   Section        0  at32f435_437_crm.o(i.crm_reset)
    i.crm_sysclk_switch                      0x080018ac   Section        0  at32f435_437_crm.o(i.crm_sysclk_switch)
    i.crm_sysclk_switch_status_get           0x080018e8   Section        0  at32f435_437_crm.o(i.crm_sysclk_switch_status_get)
    i.dma_channel_enable                     0x080018f8   Section        0  at32f435_437_dma.o(i.dma_channel_enable)
    i.dma_default_para_init                  0x08001902   Section        0  at32f435_437_dma.o(i.dma_default_para_init)
    i.dma_flag_clear                         0x0800191c   Section        0  at32f435_437_dma.o(i.dma_flag_clear)
    i.dma_flag_get                           0x0800193c   Section        0  at32f435_437_dma.o(i.dma_flag_get)
    i.dma_init                               0x08001968   Section        0  at32f435_437_dma.o(i.dma_init)
    i.dma_interrupt_enable                   0x080019ca   Section        0  at32f435_437_dma.o(i.dma_interrupt_enable)
    i.dma_reset                              0x080019dc   Section        0  at32f435_437_dma.o(i.dma_reset)
    i.dmamux_enable                          0x08001a4c   Section        0  at32f435_437_dma.o(i.dmamux_enable)
    i.dmamux_init                            0x08001a5a   Section        0  at32f435_437_dma.o(i.dmamux_init)
    i.ertc_bpr_data_read                     0x08001a64   Section        0  at32f435_437_ertc.o(i.ertc_bpr_data_read)
    i.ertc_bpr_data_write                    0x08001a80   Section        0  at32f435_437_ertc.o(i.ertc_bpr_data_write)
    i.flash_bank1_operation_status_get       0x08001a98   Section        0  at32f435_437_flash.o(i.flash_bank1_operation_status_get)
    i.flash_bank1_operation_wait_for         0x08001acc   Section        0  at32f435_437_flash.o(i.flash_bank1_operation_wait_for)
    i.flash_bank2_operation_status_get       0x08001af0   Section        0  at32f435_437_flash.o(i.flash_bank2_operation_status_get)
    i.flash_bank2_operation_wait_for         0x08001b24   Section        0  at32f435_437_flash.o(i.flash_bank2_operation_wait_for)
    i.flash_block_erase                      0x08001b48   Section        0  at32f435_437_flash.o(i.flash_block_erase)
    i.flash_byte_program                     0x08001be4   Section        0  at32f435_437_flash.o(i.flash_byte_program)
    i.flash_flag_clear                       0x08001c68   Section        0  at32f435_437_flash.o(i.flash_flag_clear)
    i.flash_lock                             0x08001c94   Section        0  at32f435_437_flash.o(i.flash_lock)
    i.flash_unlock                           0x08001cbc   Section        0  at32f435_437_flash.o(i.flash_unlock)
    i.gpio_default_para_init                 0x08001ce0   Section        0  at32f435_437_gpio.o(i.gpio_default_para_init)
    i.gpio_init                              0x08001cf4   Section        0  at32f435_437_gpio.o(i.gpio_init)
    i.gpio_pin_mux_config                    0x08001d6e   Section        0  at32f435_437_gpio.o(i.gpio_pin_mux_config)
    i.main                                   0x08001db0   Section        0  main.o(i.main)
    i.memory_allocation                      0x08001ea4   Section        0  memory_alloc.o(i.memory_allocation)
    i.nvic_irq_enable                        0x08001ed8   Section        0  at32f435_437_misc.o(i.nvic_irq_enable)
    i.nvic_priority_group_config             0x08001fa0   Section        0  at32f435_437_misc.o(i.nvic_priority_group_config)
    i.pwc_battery_powered_domain_access      0x08001fc8   Section        0  at32f435_437_pwc.o(i.pwc_battery_powered_domain_access)
    i.ring_buf_tx_init                       0x08001fdc   Section        0  ring_buffer.o(i.ring_buf_tx_init)
    i.serial_available                       0x08002000   Section        0  uart_serve.o(i.serial_available)
    i.serial_check                           0x08002024   Section        0  iap.o(i.serial_check)
    i.serial_read                            0x08002058   Section        0  uart_serve.o(i.serial_read)
    i.serial_receive                         0x080020b4   Section        0  uart_serve.o(i.serial_receive)
    i.system_core_clock_update               0x08002144   Section        0  system_at32f435_437.o(i.system_core_clock_update)
    i.systick_clock_source_config            0x08002238   Section        0  at32f435_437_misc.o(i.systick_clock_source_config)
    i.tmr_32_bit_function_enable             0x08002260   Section        0  at32f435_437_tmr.o(i.tmr_32_bit_function_enable)
    i.tmr_base_init                          0x0800227c   Section        0  at32f435_437_tmr.o(i.tmr_base_init)
    i.tmr_clock_source_div_set               0x0800228c   Section        0  at32f435_437_tmr.o(i.tmr_clock_source_div_set)
    i.tmr_cnt_dir_set                        0x08002296   Section        0  at32f435_437_tmr.o(i.tmr_cnt_dir_set)
    i.tmr_counter_enable                     0x080022a0   Section        0  at32f435_437_tmr.o(i.tmr_counter_enable)
    i.tmr_period_buffer_enable               0x080022aa   Section        0  at32f435_437_tmr.o(i.tmr_period_buffer_enable)
    i.tmr_primary_mode_select                0x080022b4   Section        0  at32f435_437_tmr.o(i.tmr_primary_mode_select)
    i.tmr_sub_sync_mode_set                  0x080022be   Section        0  at32f435_437_tmr.o(i.tmr_sub_sync_mode_set)
    i.usart_dma_receiver_enable              0x080022c8   Section        0  at32f435_437_usart.o(i.usart_dma_receiver_enable)
    i.usart_dma_transmitter_enable           0x080022d2   Section        0  at32f435_437_usart.o(i.usart_dma_transmitter_enable)
    i.usart_enable                           0x080022dc   Section        0  at32f435_437_usart.o(i.usart_enable)
    i.usart_flag_clear                       0x080022e6   Section        0  at32f435_437_usart.o(i.usart_flag_clear)
    i.usart_hardware_flow_control_set        0x080022f8   Section        0  at32f435_437_usart.o(i.usart_hardware_flow_control_set)
    i.usart_init                             0x08002360   Section        0  at32f435_437_usart.o(i.usart_init)
    i.usart_interrupt_enable                 0x0800240c   Section        0  at32f435_437_usart.o(i.usart_interrupt_enable)
    i.usart_parity_selection_config          0x08002442   Section        0  at32f435_437_usart.o(i.usart_parity_selection_config)
    i.usart_receiver_enable                  0x0800248e   Section        0  at32f435_437_usart.o(i.usart_receiver_enable)
    i.usart_transmitter_enable               0x08002498   Section        0  at32f435_437_usart.o(i.usart_transmitter_enable)
    i.wk_dma1_channel1_init                  0x080024a4   Section        0  wk_dma.o(i.wk_dma1_channel1_init)
    i.wk_dma1_channel2_init                  0x08002504   Section        0  wk_dma.o(i.wk_dma1_channel2_init)
    i.wk_dma_channel_config                  0x08002568   Section        0  wk_dma.o(i.wk_dma_channel_config)
    i.wk_nvic_config                         0x08002570   Section        0  at32f435_437_wk_config.o(i.wk_nvic_config)
    i.wk_periph_clock_config                 0x08002658   Section        0  at32f435_437_wk_config.o(i.wk_periph_clock_config)
    i.wk_system_clock_config                 0x080026a0   Section        0  at32f435_437_wk_config.o(i.wk_system_clock_config)
    i.wk_timebase_init                       0x08002768   Section        0  wk_system.o(i.wk_timebase_init)
    i.wk_tmr5_init                           0x080027a8   Section        0  wk_tmr.o(i.wk_tmr5_init)
    i.wk_usart1_init                         0x080027f8   Section        0  wk_usart.o(i.wk_usart1_init)
    x$fpl$fpinit                             0x080028bc   Section       10  fpinit.o(x$fpl$fpinit)
    $v0                                      0x080028bc   Number         0  fpinit.o(x$fpl$fpinit)
    .constdata                               0x080028c6   Section       38  at32f435_437_crm.o(.constdata)
    sclk_ahb_div_table                       0x080028c6   Data          16  at32f435_437_crm.o(.constdata)
    ahb_apb1_div_table                       0x080028d6   Data           8  at32f435_437_crm.o(.constdata)
    ahb_apb2_div_table                       0x080028de   Data           8  at32f435_437_crm.o(.constdata)
    pll_fr_table                             0x080028e6   Data           6  at32f435_437_crm.o(.constdata)
    .constdata                               0x080028ec   Section       22  system_at32f435_437.o(.constdata)
    sys_ahb_div_table                        0x080028ec   Data          16  system_at32f435_437.o(.constdata)
    pll_fr_table                             0x080028fc   Data           6  system_at32f435_437.o(.constdata)
    .constdata                               0x08002904   Section       12  serialboot.o(.constdata)
    Buffer                                   0x08002904   Data           4  serialboot.o(.constdata)
    list                                     0x08002908   Data           4  serialboot.o(.constdata)
    list                                     0x0800290c   Data           4  serialboot.o(.constdata)
    .constdata                               0x08002910   Section     2048  decode.o(.constdata)
    CRC8Table                                0x08002910   Data         256  decode.o(.constdata)
    CRC16Table                               0x08002a10   Data         512  decode.o(.constdata)
    CRC32Table                               0x08002c10   Data        1024  decode.o(.constdata)
    MessageDecodeTable                       0x08003010   Data         128  decode.o(.constdata)
    MCUDecodeTable                           0x08003090   Data         128  decode.o(.constdata)
    .constdata                               0x08003110   Section        7  hardware_name.o(.constdata)
    Hardware_Name                            0x08003110   Data           7  hardware_name.o(.constdata)
    .data                                    0x20000000   Section        5  at32f435_437_int.o(.data)
    .data                                    0x20000008   Section        4  wk_system.o(.data)
    .data                                    0x2000000c   Section        4  system_at32f435_437.o(.data)
    .data                                    0x20000010   Section        1  iap.o(.data)
    .data                                    0x20000014   Section       12  uart_serve.o(.data)
    .data                                    0x20000020   Section        4  memory_alloc.o(.data)
    .data                                    0x20000028   Section       48  serialboot.o(.data)
    BootStatus                               0x20000028   Data           4  serialboot.o(.data)
    ReceiveStatus                            0x2000002c   Data           4  serialboot.o(.data)
    ReceiveDataLeft                          0x20000030   Data           4  serialboot.o(.data)
    ReceiveType                              0x20000034   Data           4  serialboot.o(.data)
    BufferIndex                              0x20000038   Data           4  serialboot.o(.data)
    ReceiveTxNextNumber                      0x2000003c   Data           1  serialboot.o(.data)
    WaterNumber                              0x2000003d   Data           1  serialboot.o(.data)
    SerialBoot_CRC8Verify                    0x2000003e   Data           1  serialboot.o(.data)
    SerialBoot_CRC16Verify                   0x20000040   Data           2  serialboot.o(.data)
    lastWaterNumber                          0x20000048   Data           4  serialboot.o(.data)
    lastTime                                 0x20000050   Data           8  serialboot.o(.data)
    .bss                                     0x20000058   Section    12316  uart_serve.o(.bss)
    .bss                                     0x20003074   Section    16384  memory_alloc.o(.bss)
    .bss                                     0x20007074   Section     3836  serialboot.o(.bss)
    SerialBoot_Frame_Buffer                  0x20007074   Data          10  serialboot.o(.bss)
    Bufferx16                                0x2000707e   Data        2048  serialboot.o(.bss)
    Chip_ID                                  0x20007880   Data          16  serialboot.o(.bss)
    buffer                                   0x20007c90   Data         256  serialboot.o(.bss)
    buffer                                   0x20007d90   Data         256  serialboot.o(.bss)
    buffer                                   0x20007e90   Data         112  serialboot.o(.bss)
    buffer                                   0x20007f00   Data         112  serialboot.o(.bss)
    .bss                                     0x20007f70   Section       96  libspace.o(.bss)
    HEAP                                     0x20007fd0   Section      512  startup_at32f435_437.o(HEAP)
    Heap_Mem                                 0x20007fd0   Data         512  startup_at32f435_437.o(HEAP)
    STACK                                    0x200081d0   Section     1024  startup_at32f435_437.o(STACK)
    Stack_Mem                                0x200081d0   Data        1024  startup_at32f435_437.o(STACK)
    __initial_sp                             0x200085d0   Data           0  startup_at32f435_437.o(STACK)

    Global Symbols

    Symbol Name                              Value     Ov Type        Size  Object(Section)

    BuildAttributes$$THM_ISAv4$E$P$D$K$B$S$7EM$VFPi3$EXTD16$VFPS$VFMA$PE$A:L22UL41UL21$X:L11$S22US41US21$IEEE1$IW$USESV6$~STKCKD$USESV7$~SHL$OTIME$ROPI$EBA8$UX$STANDARDLIB$REQ8$PRES8$EABIv2 0x00000000   Number         0  anon$$obj.o ABSOLUTE
    __ARM_use_no_argv                        0x00000000   Number         0  main.o ABSOLUTE
    __ARM_exceptions_init                     - Undefined Weak Reference
    __alloca_initialize                       - Undefined Weak Reference
    __arm_preinit_                            - Undefined Weak Reference
    __cpp_initialize__aeabi_                  - Undefined Weak Reference
    __cxa_finalize                            - Undefined Weak Reference
    __rt_locale                               - Undefined Weak Reference
    __sigvec_lookup                           - Undefined Weak Reference
    __user_heap_extent                        - Undefined Weak Reference
    _atexit_init                              - Undefined Weak Reference
    _call_atexit_fns                          - Undefined Weak Reference
    _clock_init                               - Undefined Weak Reference
    _fp_trap_init                             - Undefined Weak Reference
    _fp_trap_shutdown                         - Undefined Weak Reference
    _get_lc_collate                           - Undefined Weak Reference
    _get_lc_ctype                             - Undefined Weak Reference
    _get_lc_monetary                          - Undefined Weak Reference
    _get_lc_numeric                           - Undefined Weak Reference
    _get_lc_time                              - Undefined Weak Reference
    _getenv_init                              - Undefined Weak Reference
    _handle_redirection                       - Undefined Weak Reference
    _initio                                   - Undefined Weak Reference
    _mutex_acquire                            - Undefined Weak Reference
    _mutex_free                               - Undefined Weak Reference
    _mutex_release                            - Undefined Weak Reference
    _rand_init                                - Undefined Weak Reference
    _signal_finish                            - Undefined Weak Reference
    _signal_init                              - Undefined Weak Reference
    _terminateio                              - Undefined Weak Reference
    __Vectors_Size                           0x0000020c   Number         0  startup_at32f435_437.o ABSOLUTE
    __Vectors                                0x08000000   Data           4  startup_at32f435_437.o(RESET)
    __Vectors_End                            0x0800020c   Data           0  startup_at32f435_437.o(RESET)
    __main                                   0x0800020d   Thumb Code     8  __main.o(!!!main)
    __scatterload                            0x08000215   Thumb Code     0  __scatter.o(!!!scatter)
    __scatterload_rt2                        0x08000215   Thumb Code    44  __scatter.o(!!!scatter)
    __scatterload_rt2_thumb_only             0x08000215   Thumb Code     0  __scatter.o(!!!scatter)
    __scatterload_null                       0x08000223   Thumb Code     0  __scatter.o(!!!scatter)
    __scatterload_copy                       0x08000249   Thumb Code    26  __scatter_copy.o(!!handler_copy)
    __scatterload_zeroinit                   0x08000265   Thumb Code    28  __scatter_zi.o(!!handler_zi)
    __rt_lib_init                            0x08000281   Thumb Code     0  libinit.o(.ARM.Collect$$libinit$$00000000)
    __rt_lib_init_fp_1                       0x08000283   Thumb Code     0  libinit2.o(.ARM.Collect$$libinit$$00000001)
    __rt_lib_init_alloca_1                   0x08000287   Thumb Code     0  libinit2.o(.ARM.Collect$$libinit$$0000002E)
    __rt_lib_init_argv_1                     0x08000287   Thumb Code     0  libinit2.o(.ARM.Collect$$libinit$$0000002C)
    __rt_lib_init_atexit_1                   0x08000287   Thumb Code     0  libinit2.o(.ARM.Collect$$libinit$$0000001B)
    __rt_lib_init_clock_1                    0x08000287   Thumb Code     0  libinit2.o(.ARM.Collect$$libinit$$00000021)
    __rt_lib_init_cpp_1                      0x08000287   Thumb Code     0  libinit2.o(.ARM.Collect$$libinit$$00000032)
    __rt_lib_init_exceptions_1               0x08000287   Thumb Code     0  libinit2.o(.ARM.Collect$$libinit$$00000030)
    __rt_lib_init_fp_trap_1                  0x08000287   Thumb Code     0  libinit2.o(.ARM.Collect$$libinit$$0000001F)
    __rt_lib_init_getenv_1                   0x08000287   Thumb Code     0  libinit2.o(.ARM.Collect$$libinit$$00000023)
    __rt_lib_init_heap_1                     0x08000287   Thumb Code     0  libinit2.o(.ARM.Collect$$libinit$$0000000A)
    __rt_lib_init_lc_collate_1               0x08000287   Thumb Code     0  libinit2.o(.ARM.Collect$$libinit$$00000011)
    __rt_lib_init_lc_ctype_1                 0x08000287   Thumb Code     0  libinit2.o(.ARM.Collect$$libinit$$00000013)
    __rt_lib_init_lc_monetary_1              0x08000287   Thumb Code     0  libinit2.o(.ARM.Collect$$libinit$$00000015)
    __rt_lib_init_lc_numeric_1               0x08000287   Thumb Code     0  libinit2.o(.ARM.Collect$$libinit$$00000017)
    __rt_lib_init_lc_time_1                  0x08000287   Thumb Code     0  libinit2.o(.ARM.Collect$$libinit$$00000019)
    __rt_lib_init_preinit_1                  0x08000287   Thumb Code     0  libinit2.o(.ARM.Collect$$libinit$$00000004)
    __rt_lib_init_rand_1                     0x08000287   Thumb Code     0  libinit2.o(.ARM.Collect$$libinit$$0000000E)
    __rt_lib_init_return                     0x08000287   Thumb Code     0  libinit2.o(.ARM.Collect$$libinit$$00000033)
    __rt_lib_init_signal_1                   0x08000287   Thumb Code     0  libinit2.o(.ARM.Collect$$libinit$$0000001D)
    __rt_lib_init_stdio_1                    0x08000287   Thumb Code     0  libinit2.o(.ARM.Collect$$libinit$$00000025)
    __rt_lib_init_user_alloc_1               0x08000287   Thumb Code     0  libinit2.o(.ARM.Collect$$libinit$$0000000C)
    __rt_lib_shutdown                        0x08000289   Thumb Code     0  libshutdown.o(.ARM.Collect$$libshutdown$$00000000)
    __rt_lib_shutdown_cpp_1                  0x0800028b   Thumb Code     0  libshutdown2.o(.ARM.Collect$$libshutdown$$00000002)
    __rt_lib_shutdown_fp_trap_1              0x0800028b   Thumb Code     0  libshutdown2.o(.ARM.Collect$$libshutdown$$00000007)
    __rt_lib_shutdown_heap_1                 0x0800028b   Thumb Code     0  libshutdown2.o(.ARM.Collect$$libshutdown$$0000000F)
    __rt_lib_shutdown_return                 0x0800028b   Thumb Code     0  libshutdown2.o(.ARM.Collect$$libshutdown$$00000010)
    __rt_lib_shutdown_signal_1               0x0800028b   Thumb Code     0  libshutdown2.o(.ARM.Collect$$libshutdown$$0000000A)
    __rt_lib_shutdown_stdio_1                0x0800028b   Thumb Code     0  libshutdown2.o(.ARM.Collect$$libshutdown$$00000004)
    __rt_lib_shutdown_user_alloc_1           0x0800028b   Thumb Code     0  libshutdown2.o(.ARM.Collect$$libshutdown$$0000000C)
    __rt_entry                               0x0800028d   Thumb Code     0  __rtentry.o(.ARM.Collect$$rtentry$$00000000)
    __rt_entry_presh_1                       0x0800028d   Thumb Code     0  __rtentry2.o(.ARM.Collect$$rtentry$$00000002)
    __rt_entry_sh                            0x0800028d   Thumb Code     0  __rtentry4.o(.ARM.Collect$$rtentry$$00000004)
    __rt_entry_li                            0x08000293   Thumb Code     0  __rtentry2.o(.ARM.Collect$$rtentry$$0000000A)
    __rt_entry_postsh_1                      0x08000293   Thumb Code     0  __rtentry2.o(.ARM.Collect$$rtentry$$00000009)
    __rt_entry_main                          0x08000297   Thumb Code     0  __rtentry2.o(.ARM.Collect$$rtentry$$0000000D)
    __rt_entry_postli_1                      0x08000297   Thumb Code     0  __rtentry2.o(.ARM.Collect$$rtentry$$0000000C)
    __rt_exit                                0x0800029f   Thumb Code     0  rtexit.o(.ARM.Collect$$rtexit$$00000000)
    __rt_exit_ls                             0x080002a1   Thumb Code     0  rtexit2.o(.ARM.Collect$$rtexit$$00000003)
    __rt_exit_prels_1                        0x080002a1   Thumb Code     0  rtexit2.o(.ARM.Collect$$rtexit$$00000002)
    __rt_exit_exit                           0x080002a5   Thumb Code     0  rtexit2.o(.ARM.Collect$$rtexit$$00000004)
    Reset_Handler                            0x080002ad   Thumb Code     8  startup_at32f435_437.o(.text)
    ACC_IRQHandler                           0x080002c7   Thumb Code     0  startup_at32f435_437.o(.text)
    ADC1_2_3_IRQHandler                      0x080002c7   Thumb Code     0  startup_at32f435_437.o(.text)
    CAN1_RX0_IRQHandler                      0x080002c7   Thumb Code     0  startup_at32f435_437.o(.text)
    CAN1_RX1_IRQHandler                      0x080002c7   Thumb Code     0  startup_at32f435_437.o(.text)
    CAN1_SE_IRQHandler                       0x080002c7   Thumb Code     0  startup_at32f435_437.o(.text)
    CAN1_TX_IRQHandler                       0x080002c7   Thumb Code     0  startup_at32f435_437.o(.text)
    CAN2_RX0_IRQHandler                      0x080002c7   Thumb Code     0  startup_at32f435_437.o(.text)
    CAN2_RX1_IRQHandler                      0x080002c7   Thumb Code     0  startup_at32f435_437.o(.text)
    CAN2_SE_IRQHandler                       0x080002c7   Thumb Code     0  startup_at32f435_437.o(.text)
    CAN2_TX_IRQHandler                       0x080002c7   Thumb Code     0  startup_at32f435_437.o(.text)
    CRM_IRQHandler                           0x080002c7   Thumb Code     0  startup_at32f435_437.o(.text)
    DMA1_Channel3_IRQHandler                 0x080002c7   Thumb Code     0  startup_at32f435_437.o(.text)
    DMA1_Channel4_IRQHandler                 0x080002c7   Thumb Code     0  startup_at32f435_437.o(.text)
    DMA1_Channel5_IRQHandler                 0x080002c7   Thumb Code     0  startup_at32f435_437.o(.text)
    DMA1_Channel6_IRQHandler                 0x080002c7   Thumb Code     0  startup_at32f435_437.o(.text)
    DMA1_Channel7_IRQHandler                 0x080002c7   Thumb Code     0  startup_at32f435_437.o(.text)
    DMA2_Channel1_IRQHandler                 0x080002c7   Thumb Code     0  startup_at32f435_437.o(.text)
    DMA2_Channel2_IRQHandler                 0x080002c7   Thumb Code     0  startup_at32f435_437.o(.text)
    DMA2_Channel3_IRQHandler                 0x080002c7   Thumb Code     0  startup_at32f435_437.o(.text)
    DMA2_Channel4_IRQHandler                 0x080002c7   Thumb Code     0  startup_at32f435_437.o(.text)
    DMA2_Channel5_IRQHandler                 0x080002c7   Thumb Code     0  startup_at32f435_437.o(.text)
    DMA2_Channel6_IRQHandler                 0x080002c7   Thumb Code     0  startup_at32f435_437.o(.text)
    DMA2_Channel7_IRQHandler                 0x080002c7   Thumb Code     0  startup_at32f435_437.o(.text)
    DMAMUX_IRQHandler                        0x080002c7   Thumb Code     0  startup_at32f435_437.o(.text)
    DVP_IRQHandler                           0x080002c7   Thumb Code     0  startup_at32f435_437.o(.text)
    EDMA_Stream1_IRQHandler                  0x080002c7   Thumb Code     0  startup_at32f435_437.o(.text)
    EDMA_Stream2_IRQHandler                  0x080002c7   Thumb Code     0  startup_at32f435_437.o(.text)
    EDMA_Stream3_IRQHandler                  0x080002c7   Thumb Code     0  startup_at32f435_437.o(.text)
    EDMA_Stream4_IRQHandler                  0x080002c7   Thumb Code     0  startup_at32f435_437.o(.text)
    EDMA_Stream5_IRQHandler                  0x080002c7   Thumb Code     0  startup_at32f435_437.o(.text)
    EDMA_Stream6_IRQHandler                  0x080002c7   Thumb Code     0  startup_at32f435_437.o(.text)
    EDMA_Stream7_IRQHandler                  0x080002c7   Thumb Code     0  startup_at32f435_437.o(.text)
    EDMA_Stream8_IRQHandler                  0x080002c7   Thumb Code     0  startup_at32f435_437.o(.text)
    EMAC_IRQHandler                          0x080002c7   Thumb Code     0  startup_at32f435_437.o(.text)
    EMAC_WKUP_IRQHandler                     0x080002c7   Thumb Code     0  startup_at32f435_437.o(.text)
    ERTCAlarm_IRQHandler                     0x080002c7   Thumb Code     0  startup_at32f435_437.o(.text)
    ERTC_WKUP_IRQHandler                     0x080002c7   Thumb Code     0  startup_at32f435_437.o(.text)
    EXINT0_IRQHandler                        0x080002c7   Thumb Code     0  startup_at32f435_437.o(.text)
    EXINT15_10_IRQHandler                    0x080002c7   Thumb Code     0  startup_at32f435_437.o(.text)
    EXINT1_IRQHandler                        0x080002c7   Thumb Code     0  startup_at32f435_437.o(.text)
    EXINT2_IRQHandler                        0x080002c7   Thumb Code     0  startup_at32f435_437.o(.text)
    EXINT3_IRQHandler                        0x080002c7   Thumb Code     0  startup_at32f435_437.o(.text)
    EXINT4_IRQHandler                        0x080002c7   Thumb Code     0  startup_at32f435_437.o(.text)
    EXINT9_5_IRQHandler                      0x080002c7   Thumb Code     0  startup_at32f435_437.o(.text)
    FLASH_IRQHandler                         0x080002c7   Thumb Code     0  startup_at32f435_437.o(.text)
    FPU_IRQHandler                           0x080002c7   Thumb Code     0  startup_at32f435_437.o(.text)
    I2C1_ERR_IRQHandler                      0x080002c7   Thumb Code     0  startup_at32f435_437.o(.text)
    I2C1_EVT_IRQHandler                      0x080002c7   Thumb Code     0  startup_at32f435_437.o(.text)
    I2C2_ERR_IRQHandler                      0x080002c7   Thumb Code     0  startup_at32f435_437.o(.text)
    I2C2_EVT_IRQHandler                      0x080002c7   Thumb Code     0  startup_at32f435_437.o(.text)
    I2C3_ERR_IRQHandler                      0x080002c7   Thumb Code     0  startup_at32f435_437.o(.text)
    I2C3_EVT_IRQHandler                      0x080002c7   Thumb Code     0  startup_at32f435_437.o(.text)
    OTGFS1_IRQHandler                        0x080002c7   Thumb Code     0  startup_at32f435_437.o(.text)
    OTGFS1_WKUP_IRQHandler                   0x080002c7   Thumb Code     0  startup_at32f435_437.o(.text)
    OTGFS2_IRQHandler                        0x080002c7   Thumb Code     0  startup_at32f435_437.o(.text)
    OTGFS2_WKUP_IRQHandler                   0x080002c7   Thumb Code     0  startup_at32f435_437.o(.text)
    PVM_IRQHandler                           0x080002c7   Thumb Code     0  startup_at32f435_437.o(.text)
    QSPI1_IRQHandler                         0x080002c7   Thumb Code     0  startup_at32f435_437.o(.text)
    QSPI2_IRQHandler                         0x080002c7   Thumb Code     0  startup_at32f435_437.o(.text)
    SDIO1_IRQHandler                         0x080002c7   Thumb Code     0  startup_at32f435_437.o(.text)
    SDIO2_IRQHandler                         0x080002c7   Thumb Code     0  startup_at32f435_437.o(.text)
    SPI1_IRQHandler                          0x080002c7   Thumb Code     0  startup_at32f435_437.o(.text)
    SPI2_I2S2EXT_IRQHandler                  0x080002c7   Thumb Code     0  startup_at32f435_437.o(.text)
    SPI3_I2S3EXT_IRQHandler                  0x080002c7   Thumb Code     0  startup_at32f435_437.o(.text)
    SPI4_IRQHandler                          0x080002c7   Thumb Code     0  startup_at32f435_437.o(.text)
    TAMP_STAMP_IRQHandler                    0x080002c7   Thumb Code     0  startup_at32f435_437.o(.text)
    TMR1_BRK_TMR9_IRQHandler                 0x080002c7   Thumb Code     0  startup_at32f435_437.o(.text)
    TMR1_CH_IRQHandler                       0x080002c7   Thumb Code     0  startup_at32f435_437.o(.text)
    TMR1_OVF_TMR10_IRQHandler                0x080002c7   Thumb Code     0  startup_at32f435_437.o(.text)
    TMR1_TRG_HALL_TMR11_IRQHandler           0x080002c7   Thumb Code     0  startup_at32f435_437.o(.text)
    TMR20_BRK_IRQHandler                     0x080002c7   Thumb Code     0  startup_at32f435_437.o(.text)
    TMR20_CH_IRQHandler                      0x080002c7   Thumb Code     0  startup_at32f435_437.o(.text)
    TMR20_OVF_IRQHandler                     0x080002c7   Thumb Code     0  startup_at32f435_437.o(.text)
    TMR20_TRG_HALL_IRQHandler                0x080002c7   Thumb Code     0  startup_at32f435_437.o(.text)
    TMR2_GLOBAL_IRQHandler                   0x080002c7   Thumb Code     0  startup_at32f435_437.o(.text)
    TMR3_GLOBAL_IRQHandler                   0x080002c7   Thumb Code     0  startup_at32f435_437.o(.text)
    TMR4_GLOBAL_IRQHandler                   0x080002c7   Thumb Code     0  startup_at32f435_437.o(.text)
    TMR6_DAC_GLOBAL_IRQHandler               0x080002c7   Thumb Code     0  startup_at32f435_437.o(.text)
    TMR7_GLOBAL_IRQHandler                   0x080002c7   Thumb Code     0  startup_at32f435_437.o(.text)
    TMR8_BRK_TMR12_IRQHandler                0x080002c7   Thumb Code     0  startup_at32f435_437.o(.text)
    TMR8_CH_IRQHandler                       0x080002c7   Thumb Code     0  startup_at32f435_437.o(.text)
    TMR8_OVF_TMR13_IRQHandler                0x080002c7   Thumb Code     0  startup_at32f435_437.o(.text)
    TMR8_TRG_HALL_TMR14_IRQHandler           0x080002c7   Thumb Code     0  startup_at32f435_437.o(.text)
    UART4_IRQHandler                         0x080002c7   Thumb Code     0  startup_at32f435_437.o(.text)
    UART5_IRQHandler                         0x080002c7   Thumb Code     0  startup_at32f435_437.o(.text)
    UART7_IRQHandler                         0x080002c7   Thumb Code     0  startup_at32f435_437.o(.text)
    UART8_IRQHandler                         0x080002c7   Thumb Code     0  startup_at32f435_437.o(.text)
    USART2_IRQHandler                        0x080002c7   Thumb Code     0  startup_at32f435_437.o(.text)
    USART3_IRQHandler                        0x080002c7   Thumb Code     0  startup_at32f435_437.o(.text)
    USART6_IRQHandler                        0x080002c7   Thumb Code     0  startup_at32f435_437.o(.text)
    WWDT_IRQHandler                          0x080002c7   Thumb Code     0  startup_at32f435_437.o(.text)
    XMC_IRQHandler                           0x080002c7   Thumb Code     0  startup_at32f435_437.o(.text)
    __user_initial_stackheap                 0x080002c9   Thumb Code     0  startup_at32f435_437.o(.text)
    __aeabi_uldivmod                         0x080002ed   Thumb Code     0  lludivv7m.o(.text)
    _ll_udiv                                 0x080002ed   Thumb Code   238  lludivv7m.o(.text)
    __aeabi_memcpy                           0x080003db   Thumb Code     0  rt_memcpy_v6.o(.text)
    __rt_memcpy                              0x080003db   Thumb Code   138  rt_memcpy_v6.o(.text)
    _memcpy_lastbytes                        0x08000441   Thumb Code     0  rt_memcpy_v6.o(.text)
    __use_two_region_memory                  0x08000465   Thumb Code     2  heapauxi.o(.text)
    __rt_heap_escrow                         0x08000467   Thumb Code     2  heapauxi.o(.text)
    __rt_heap_expand                         0x08000469   Thumb Code     2  heapauxi.o(.text)
    __aeabi_memcpy4                          0x0800046b   Thumb Code     0  rt_memcpy_w.o(.text)
    __aeabi_memcpy8                          0x0800046b   Thumb Code     0  rt_memcpy_w.o(.text)
    __rt_memcpy_w                            0x0800046b   Thumb Code   100  rt_memcpy_w.o(.text)
    _memcpy_lastbytes_aligned                0x080004b3   Thumb Code     0  rt_memcpy_w.o(.text)
    __user_libspace                          0x080004d1   Thumb Code     8  libspace.o(.text)
    __user_perproc_libspace                  0x080004d1   Thumb Code     0  libspace.o(.text)
    __user_perthread_libspace                0x080004d1   Thumb Code     0  libspace.o(.text)
    __I$use$semihosting                      0x080004d9   Thumb Code     0  use_no_semi.o(.text)
    __use_no_semihosting_swi                 0x080004d9   Thumb Code     2  use_no_semi.o(.text)
    __semihosting_library_function           0x080004db   Thumb Code     0  indicate_semi.o(.text)
    __user_setup_stackheap                   0x080004db   Thumb Code    74  sys_stackheap_outer.o(.text)
    exit                                     0x08000525   Thumb Code    18  exit.o(.text)
    _sys_exit                                0x08000539   Thumb Code     8  sys_exit.o(.text)
    BusFault_Handler                         0x08000545   Thumb Code     4  at32f435_437_int.o(i.BusFault_Handler)
    CRC16_Table                              0x08000549   Thumb Code    40  decode.o(i.CRC16_Table)
    CRC32_Table                              0x08000575   Thumb Code    48  decode.o(i.CRC32_Table)
    CRC32_Table_Without                      0x080005a9   Thumb Code    60  decode.o(i.CRC32_Table_Without)
    CRC8_Table                               0x080005e9   Thumb Code    30  decode.o(i.CRC8_Table)
    CortexM_Get_Us                           0x0800060d   Thumb Code    50  at32f435_437_int.o(i.CortexM_Get_Us)
    DMA1_Channel1_IRQHandler                 0x08000649   Thumb Code    70  at32f435_437_int.o(i.DMA1_Channel1_IRQHandler)
    DMA1_Channel2_IRQHandler                 0x0800069d   Thumb Code    32  at32f435_437_int.o(i.DMA1_Channel2_IRQHandler)
    DebugMon_Handler                         0x080006c5   Thumb Code     2  at32f435_437_int.o(i.DebugMon_Handler)
    DecodeMCU                                0x080006c9   Thumb Code    74  decode.o(i.DecodeMCU)
    DecodeMessage                            0x08000719   Thumb Code    74  decode.o(i.DecodeMessage)
    FDI_Flash_Program                        0x08000769   Thumb Code    56  serialboot.o(i.FDI_Flash_Program)
    FDI_Get_ChipID_128                       0x080007a1   Thumb Code    40  hardware_name.o(i.FDI_Get_ChipID_128)
    Firmware_Check                           0x080007cd   Thumb Code   140  iap.o(i.Firmware_Check)
    Get_Hardware_Name                        0x08000875   Thumb Code    24  hardware_name.o(i.Get_Hardware_Name)
    HardFault_Handler                        0x08000891   Thumb Code     4  at32f435_437_int.o(i.HardFault_Handler)
    IAP                                      0x08000895   Thumb Code   168  iap.o(i.IAP)
    MemManage_Handler                        0x0800094d   Thumb Code     4  at32f435_437_int.o(i.MemManage_Handler)
    NMI_Handler                              0x08000951   Thumb Code     2  at32f435_437_int.o(i.NMI_Handler)
    PendSV_Handler                           0x08000993   Thumb Code     2  at32f435_437_int.o(i.PendSV_Handler)
    SVC_Handler                              0x080009c1   Thumb Code     2  at32f435_437_int.o(i.SVC_Handler)
    SerialBoot_CheckData                     0x080009c5   Thumb Code    26  serialboot.o(i.SerialBoot_CheckData)
    SerialBoot_Download                      0x080009e5   Thumb Code    86  serialboot.o(i.SerialBoot_Download)
    SerialBoot_Download_Message              0x08000a49   Thumb Code    86  serialboot.o(i.SerialBoot_Download_Message)
    SerialBoot_Effect                        0x08000aad   Thumb Code   184  serialboot.o(i.SerialBoot_Effect)
    SerialBoot_Erasure                       0x08000b7d   Thumb Code    46  serialboot.o(i.SerialBoot_Erasure)
    SerialBoot_Error                         0x08000bb5   Thumb Code     8  serialboot.o(i.SerialBoot_Error)
    SerialBoot_Initialize                    0x08000c15   Thumb Code    46  serialboot.o(i.SerialBoot_Initialize)
    SerialBoot_Insert                        0x08000c59   Thumb Code    80  serialboot.o(i.SerialBoot_Insert)
    SerialBoot_MCUReset                      0x08000cb9   Thumb Code    80  serialboot.o(i.SerialBoot_MCUReset)
    SerialBoot_Receive                       0x08000d61   Thumb Code   110  serialboot.o(i.SerialBoot_Receive)
    SerialBoot_Reset                         0x08000dd9   Thumb Code    24  serialboot.o(i.SerialBoot_Reset)
    SerialBoot_RunningData                   0x08000e05   Thumb Code   324  serialboot.o(i.SerialBoot_RunningData)
    SerialBoot_Send                          0x08000f6d   Thumb Code   134  serialboot.o(i.SerialBoot_Send)
    SerialBoot_SendOver                      0x08000ff9   Thumb Code    28  serialboot.o(i.SerialBoot_SendOver)
    SerialBoot_Unlock                        0x08001019   Thumb Code     8  serialboot.o(i.SerialBoot_Unlock)
    SerialBoot_Version                       0x08001021   Thumb Code   146  serialboot.o(i.SerialBoot_Version)
    SerialWrite                              0x080010c5   Thumb Code    92  serialboot.o(i.SerialWrite)
    SetBootStatus                            0x08001131   Thumb Code    44  iap.o(i.SetBootStatus)
    Shift_Firmware                           0x08001161   Thumb Code    72  main.o(i.Shift_Firmware)
    SysTick_Handler                          0x080011b9   Thumb Code     2  at32f435_437_int.o(i.SysTick_Handler)
    SystemInit                               0x080011bd   Thumb Code   128  system_at32f435_437.o(i.SystemInit)
    TMR5_GLOBAL_IRQHandler                   0x0800124d   Thumb Code    44  at32f435_437_int.o(i.TMR5_GLOBAL_IRQHandler)
    UART_RingSpaceInit_ByBaudrate            0x08001371   Thumb Code   272  uart_serve.o(i.UART_RingSpaceInit_ByBaudrate)
    UART_Serve_Init                          0x08001489   Thumb Code    48  uart_serve.o(i.UART_Serve_Init)
    USART1_IRQHandler                        0x080014c9   Thumb Code    72  at32f435_437_int.o(i.USART1_IRQHandler)
    UsageFault_Handler                       0x0800151d   Thumb Code     4  at32f435_437_int.o(i.UsageFault_Handler)
    crm_ahb_div_set                          0x08001561   Thumb Code    14  at32f435_437_crm.o(i.crm_ahb_div_set)
    crm_apb1_div_set                         0x08001575   Thumb Code    14  at32f435_437_crm.o(i.crm_apb1_div_set)
    crm_apb2_div_set                         0x08001589   Thumb Code    14  at32f435_437_crm.o(i.crm_apb2_div_set)
    crm_auto_step_mode_enable                0x0800159d   Thumb Code    34  at32f435_437_crm.o(i.crm_auto_step_mode_enable)
    crm_clock_source_enable                  0x080015c5   Thumb Code    98  at32f435_437_crm.o(i.crm_clock_source_enable)
    crm_clocks_freq_get                      0x0800162d   Thumb Code   242  at32f435_437_crm.o(i.crm_clocks_freq_get)
    crm_flag_get                             0x08001741   Thumb Code    44  at32f435_437_crm.o(i.crm_flag_get)
    crm_hext_stable_wait                     0x08001771   Thumb Code    46  at32f435_437_crm.o(i.crm_hext_stable_wait)
    crm_periph_clock_enable                  0x080017a1   Thumb Code    70  at32f435_437_crm.o(i.crm_periph_clock_enable)
    crm_pll_config                           0x080017ed   Thumb Code    68  at32f435_437_crm.o(i.crm_pll_config)
    crm_reset                                0x08001835   Thumb Code   106  at32f435_437_crm.o(i.crm_reset)
    crm_sysclk_switch                        0x080018ad   Thumb Code    54  at32f435_437_crm.o(i.crm_sysclk_switch)
    crm_sysclk_switch_status_get             0x080018e9   Thumb Code    10  at32f435_437_crm.o(i.crm_sysclk_switch_status_get)
    dma_channel_enable                       0x080018f9   Thumb Code    10  at32f435_437_dma.o(i.dma_channel_enable)
    dma_default_para_init                    0x08001903   Thumb Code    24  at32f435_437_dma.o(i.dma_default_para_init)
    dma_flag_clear                           0x0800191d   Thumb Code    22  at32f435_437_dma.o(i.dma_flag_clear)
    dma_flag_get                             0x0800193d   Thumb Code    34  at32f435_437_dma.o(i.dma_flag_get)
    dma_init                                 0x08001969   Thumb Code    98  at32f435_437_dma.o(i.dma_init)
    dma_interrupt_enable                     0x080019cb   Thumb Code    18  at32f435_437_dma.o(i.dma_interrupt_enable)
    dma_reset                                0x080019dd   Thumb Code   102  at32f435_437_dma.o(i.dma_reset)
    dmamux_enable                            0x08001a4d   Thumb Code    14  at32f435_437_dma.o(i.dmamux_enable)
    dmamux_init                              0x08001a5b   Thumb Code    10  at32f435_437_dma.o(i.dmamux_init)
    ertc_bpr_data_read                       0x08001a65   Thumb Code    22  at32f435_437_ertc.o(i.ertc_bpr_data_read)
    ertc_bpr_data_write                      0x08001a81   Thumb Code    20  at32f435_437_ertc.o(i.ertc_bpr_data_write)
    flash_bank1_operation_status_get         0x08001a99   Thumb Code    48  at32f435_437_flash.o(i.flash_bank1_operation_status_get)
    flash_bank1_operation_wait_for           0x08001acd   Thumb Code    36  at32f435_437_flash.o(i.flash_bank1_operation_wait_for)
    flash_bank2_operation_status_get         0x08001af1   Thumb Code    48  at32f435_437_flash.o(i.flash_bank2_operation_status_get)
    flash_bank2_operation_wait_for           0x08001b25   Thumb Code    36  at32f435_437_flash.o(i.flash_bank2_operation_wait_for)
    flash_block_erase                        0x08001b49   Thumb Code   146  at32f435_437_flash.o(i.flash_block_erase)
    flash_byte_program                       0x08001be5   Thumb Code   124  at32f435_437_flash.o(i.flash_byte_program)
    flash_flag_clear                         0x08001c69   Thumb Code    38  at32f435_437_flash.o(i.flash_flag_clear)
    flash_lock                               0x08001c95   Thumb Code    34  at32f435_437_flash.o(i.flash_lock)
    flash_unlock                             0x08001cbd   Thumb Code    24  at32f435_437_flash.o(i.flash_unlock)
    gpio_default_para_init                   0x08001ce1   Thumb Code    20  at32f435_437_gpio.o(i.gpio_default_para_init)
    gpio_init                                0x08001cf5   Thumb Code   122  at32f435_437_gpio.o(i.gpio_init)
    gpio_pin_mux_config                      0x08001d6f   Thumb Code    66  at32f435_437_gpio.o(i.gpio_pin_mux_config)
    main                                     0x08001db1   Thumb Code   222  main.o(i.main)
    memory_allocation                        0x08001ea5   Thumb Code    44  memory_alloc.o(i.memory_allocation)
    nvic_irq_enable                          0x08001ed9   Thumb Code   190  at32f435_437_misc.o(i.nvic_irq_enable)
    nvic_priority_group_config               0x08001fa1   Thumb Code    32  at32f435_437_misc.o(i.nvic_priority_group_config)
    pwc_battery_powered_domain_access        0x08001fc9   Thumb Code    14  at32f435_437_pwc.o(i.pwc_battery_powered_domain_access)
    ring_buf_tx_init                         0x08001fdd   Thumb Code    36  ring_buffer.o(i.ring_buf_tx_init)
    serial_available                         0x08002001   Thumb Code    30  uart_serve.o(i.serial_available)
    serial_check                             0x08002025   Thumb Code    44  iap.o(i.serial_check)
    serial_read                              0x08002059   Thumb Code    78  uart_serve.o(i.serial_read)
    serial_receive                           0x080020b5   Thumb Code   128  uart_serve.o(i.serial_receive)
    system_core_clock_update                 0x08002145   Thumb Code   214  system_at32f435_437.o(i.system_core_clock_update)
    systick_clock_source_config              0x08002239   Thumb Code    40  at32f435_437_misc.o(i.systick_clock_source_config)
    tmr_32_bit_function_enable               0x08002261   Thumb Code    22  at32f435_437_tmr.o(i.tmr_32_bit_function_enable)
    tmr_base_init                            0x0800227d   Thumb Code    16  at32f435_437_tmr.o(i.tmr_base_init)
    tmr_clock_source_div_set                 0x0800228d   Thumb Code    10  at32f435_437_tmr.o(i.tmr_clock_source_div_set)
    tmr_cnt_dir_set                          0x08002297   Thumb Code    10  at32f435_437_tmr.o(i.tmr_cnt_dir_set)
    tmr_counter_enable                       0x080022a1   Thumb Code    10  at32f435_437_tmr.o(i.tmr_counter_enable)
    tmr_period_buffer_enable                 0x080022ab   Thumb Code    10  at32f435_437_tmr.o(i.tmr_period_buffer_enable)
    tmr_primary_mode_select                  0x080022b5   Thumb Code    10  at32f435_437_tmr.o(i.tmr_primary_mode_select)
    tmr_sub_sync_mode_set                    0x080022bf   Thumb Code    10  at32f435_437_tmr.o(i.tmr_sub_sync_mode_set)
    usart_dma_receiver_enable                0x080022c9   Thumb Code    10  at32f435_437_usart.o(i.usart_dma_receiver_enable)
    usart_dma_transmitter_enable             0x080022d3   Thumb Code    10  at32f435_437_usart.o(i.usart_dma_transmitter_enable)
    usart_enable                             0x080022dd   Thumb Code    10  at32f435_437_usart.o(i.usart_enable)
    usart_flag_clear                         0x080022e7   Thumb Code    18  at32f435_437_usart.o(i.usart_flag_clear)
    usart_hardware_flow_control_set          0x080022f9   Thumb Code   102  at32f435_437_usart.o(i.usart_hardware_flow_control_set)
    usart_init                               0x08002361   Thumb Code   162  at32f435_437_usart.o(i.usart_init)
    usart_interrupt_enable                   0x0800240d   Thumb Code    54  at32f435_437_usart.o(i.usart_interrupt_enable)
    usart_parity_selection_config            0x08002443   Thumb Code    76  at32f435_437_usart.o(i.usart_parity_selection_config)
    usart_receiver_enable                    0x0800248f   Thumb Code    10  at32f435_437_usart.o(i.usart_receiver_enable)
    usart_transmitter_enable                 0x08002499   Thumb Code    10  at32f435_437_usart.o(i.usart_transmitter_enable)
    wk_dma1_channel1_init                    0x080024a5   Thumb Code    92  wk_dma.o(i.wk_dma1_channel1_init)
    wk_dma1_channel2_init                    0x08002505   Thumb Code    94  wk_dma.o(i.wk_dma1_channel2_init)
    wk_dma_channel_config                    0x08002569   Thumb Code     8  wk_dma.o(i.wk_dma_channel_config)
    wk_nvic_config                           0x08002571   Thumb Code   232  at32f435_437_wk_config.o(i.wk_nvic_config)
    wk_periph_clock_config                   0x08002659   Thumb Code    58  at32f435_437_wk_config.o(i.wk_periph_clock_config)
    wk_system_clock_config                   0x080026a1   Thumb Code   184  at32f435_437_wk_config.o(i.wk_system_clock_config)
    wk_timebase_init                         0x08002769   Thumb Code    56  wk_system.o(i.wk_timebase_init)
    wk_tmr5_init                             0x080027a9   Thumb Code    74  wk_tmr.o(i.wk_tmr5_init)
    wk_usart1_init                           0x080027f9   Thumb Code   182  wk_usart.o(i.wk_usart1_init)
    _fp_init                                 0x080028bd   Thumb Code    10  fpinit.o(x$fpl$fpinit)
    __fplib_config_fpu_vfp                   0x080028c5   Thumb Code     0  fpinit.o(x$fpl$fpinit)
    __fplib_config_pureend_doubles           0x080028c5   Thumb Code     0  fpinit.o(x$fpl$fpinit)
    Region$$Table$$Base                      0x08003118   Number         0  anon$$obj.o(Region$$Table)
    Region$$Table$$Limit                     0x08003138   Number         0  anon$$obj.o(Region$$Table)
    Tick_Us_High                             0x20000000   Data           4  at32f435_437_int.o(.data)
    tmr5_first_bk                            0x20000004   Data           1  at32f435_437_int.o(.data)
    ticks_count_us                           0x20000008   Data           4  wk_system.o(.data)
    system_core_clock                        0x2000000c   Data           4  system_at32f435_437.o(.data)
    Firmware0_Check                          0x20000010   Data           1  iap.o(.data)
    _serial_rx_fp                            0x20000014   Data           4  uart_serve.o(.data)
    _serial_rx_lp                            0x20000018   Data           4  uart_serve.o(.data)
    _serial_rx_len                           0x2000001c   Data           4  uart_serve.o(.data)
    memory_index                             0x20000020   Data           4  memory_alloc.o(.data)
    usart1_tx_dma_busy                       0x20000042   Data           1  serialboot.o(.data)
    usart1_tx_byte                           0x20000043   Data           1  serialboot.o(.data)
    SerialBoot_UnconnectCount                0x20000044   Data           4  serialboot.o(.data)
    usart1_tx_ring_pool                      0x20000058   Data          28  uart_serve.o(.bss)
    USART2_RX_BUF                            0x20000074   Data        8192  uart_serve.o(.bss)
    USART2_RX_BUF1                           0x20002074   Data        4096  uart_serve.o(.bss)
    memory_pool                              0x20003074   Data       16384  memory_alloc.o(.bss)
    ReceiveCount                             0x20007890   Data        1024  serialboot.o(.bss)
    __libspace_start                         0x20007f70   Data          96  libspace.o(.bss)
    __temporary_stack_top$libspace           0x20007fd0   Data           0  libspace.o(.bss)



==============================================================================

Memory Map of the image

  Image Entry point : 0x0800020d

  Load Region LR_IROM1 (Base: 0x08000000, Size: 0x00003190, Max: 0x00100000, ABSOLUTE)

    Execution Region ER_IROM1 (Exec base: 0x08000000, Load base: 0x08000000, Size: 0x00003138, Max: 0x00100000, ABSOLUTE)

    Exec Addr    Load Addr    Size         Type   Attr      Idx    E Section Name        Object

    0x08000000   0x08000000   0x0000020c   Data   RO         2343    RESET               startup_at32f435_437.o
    0x0800020c   0x0800020c   0x00000008   Code   RO         2927  * !!!main             c_w.l(__main.o)
    0x08000214   0x08000214   0x00000034   Code   RO         3140    !!!scatter          c_w.l(__scatter.o)
    0x08000248   0x08000248   0x0000001a   Code   RO         3142    !!handler_copy      c_w.l(__scatter_copy.o)
    0x08000262   0x08000262   0x00000002   PAD
    0x08000264   0x08000264   0x0000001c   Code   RO         3144    !!handler_zi        c_w.l(__scatter_zi.o)
    0x08000280   0x08000280   0x00000002   Code   RO         3079    .ARM.Collect$$libinit$$00000000  c_w.l(libinit.o)
    0x08000282   0x08000282   0x00000004   Code   RO         2965    .ARM.Collect$$libinit$$00000001  c_w.l(libinit2.o)
    0x08000286   0x08000286   0x00000000   Code   RO         2968    .ARM.Collect$$libinit$$00000004  c_w.l(libinit2.o)
    0x08000286   0x08000286   0x00000000   Code   RO         2971    .ARM.Collect$$libinit$$0000000A  c_w.l(libinit2.o)
    0x08000286   0x08000286   0x00000000   Code   RO         2973    .ARM.Collect$$libinit$$0000000C  c_w.l(libinit2.o)
    0x08000286   0x08000286   0x00000000   Code   RO         2975    .ARM.Collect$$libinit$$0000000E  c_w.l(libinit2.o)
    0x08000286   0x08000286   0x00000000   Code   RO         2978    .ARM.Collect$$libinit$$00000011  c_w.l(libinit2.o)
    0x08000286   0x08000286   0x00000000   Code   RO         2980    .ARM.Collect$$libinit$$00000013  c_w.l(libinit2.o)
    0x08000286   0x08000286   0x00000000   Code   RO         2982    .ARM.Collect$$libinit$$00000015  c_w.l(libinit2.o)
    0x08000286   0x08000286   0x00000000   Code   RO         2984    .ARM.Collect$$libinit$$00000017  c_w.l(libinit2.o)
    0x08000286   0x08000286   0x00000000   Code   RO         2986    .ARM.Collect$$libinit$$00000019  c_w.l(libinit2.o)
    0x08000286   0x08000286   0x00000000   Code   RO         2988    .ARM.Collect$$libinit$$0000001B  c_w.l(libinit2.o)
    0x08000286   0x08000286   0x00000000   Code   RO         2990    .ARM.Collect$$libinit$$0000001D  c_w.l(libinit2.o)
    0x08000286   0x08000286   0x00000000   Code   RO         2992    .ARM.Collect$$libinit$$0000001F  c_w.l(libinit2.o)
    0x08000286   0x08000286   0x00000000   Code   RO         2994    .ARM.Collect$$libinit$$00000021  c_w.l(libinit2.o)
    0x08000286   0x08000286   0x00000000   Code   RO         2996    .ARM.Collect$$libinit$$00000023  c_w.l(libinit2.o)
    0x08000286   0x08000286   0x00000000   Code   RO         2998    .ARM.Collect$$libinit$$00000025  c_w.l(libinit2.o)
    0x08000286   0x08000286   0x00000000   Code   RO         3002    .ARM.Collect$$libinit$$0000002C  c_w.l(libinit2.o)
    0x08000286   0x08000286   0x00000000   Code   RO         3004    .ARM.Collect$$libinit$$0000002E  c_w.l(libinit2.o)
    0x08000286   0x08000286   0x00000000   Code   RO         3006    .ARM.Collect$$libinit$$00000030  c_w.l(libinit2.o)
    0x08000286   0x08000286   0x00000000   Code   RO         3008    .ARM.Collect$$libinit$$00000032  c_w.l(libinit2.o)
    0x08000286   0x08000286   0x00000002   Code   RO         3009    .ARM.Collect$$libinit$$00000033  c_w.l(libinit2.o)
    0x08000288   0x08000288   0x00000002   Code   RO         3137    .ARM.Collect$$libshutdown$$00000000  c_w.l(libshutdown.o)
    0x0800028a   0x0800028a   0x00000000   Code   RO         3095    .ARM.Collect$$libshutdown$$00000002  c_w.l(libshutdown2.o)
    0x0800028a   0x0800028a   0x00000000   Code   RO         3097    .ARM.Collect$$libshutdown$$00000004  c_w.l(libshutdown2.o)
    0x0800028a   0x0800028a   0x00000000   Code   RO         3100    .ARM.Collect$$libshutdown$$00000007  c_w.l(libshutdown2.o)
    0x0800028a   0x0800028a   0x00000000   Code   RO         3103    .ARM.Collect$$libshutdown$$0000000A  c_w.l(libshutdown2.o)
    0x0800028a   0x0800028a   0x00000000   Code   RO         3105    .ARM.Collect$$libshutdown$$0000000C  c_w.l(libshutdown2.o)
    0x0800028a   0x0800028a   0x00000000   Code   RO         3108    .ARM.Collect$$libshutdown$$0000000F  c_w.l(libshutdown2.o)
    0x0800028a   0x0800028a   0x00000002   Code   RO         3109    .ARM.Collect$$libshutdown$$00000010  c_w.l(libshutdown2.o)
    0x0800028c   0x0800028c   0x00000000   Code   RO         2931    .ARM.Collect$$rtentry$$00000000  c_w.l(__rtentry.o)
    0x0800028c   0x0800028c   0x00000000   Code   RO         3016    .ARM.Collect$$rtentry$$00000002  c_w.l(__rtentry2.o)
    0x0800028c   0x0800028c   0x00000006   Code   RO         3028    .ARM.Collect$$rtentry$$00000004  c_w.l(__rtentry4.o)
    0x08000292   0x08000292   0x00000000   Code   RO         3018    .ARM.Collect$$rtentry$$00000009  c_w.l(__rtentry2.o)
    0x08000292   0x08000292   0x00000004   Code   RO         3019    .ARM.Collect$$rtentry$$0000000A  c_w.l(__rtentry2.o)
    0x08000296   0x08000296   0x00000000   Code   RO         3021    .ARM.Collect$$rtentry$$0000000C  c_w.l(__rtentry2.o)
    0x08000296   0x08000296   0x00000008   Code   RO         3022    .ARM.Collect$$rtentry$$0000000D  c_w.l(__rtentry2.o)
    0x0800029e   0x0800029e   0x00000002   Code   RO         3082    .ARM.Collect$$rtexit$$00000000  c_w.l(rtexit.o)
    0x080002a0   0x080002a0   0x00000000   Code   RO         3113    .ARM.Collect$$rtexit$$00000002  c_w.l(rtexit2.o)
    0x080002a0   0x080002a0   0x00000004   Code   RO         3114    .ARM.Collect$$rtexit$$00000003  c_w.l(rtexit2.o)
    0x080002a4   0x080002a4   0x00000006   Code   RO         3115    .ARM.Collect$$rtexit$$00000004  c_w.l(rtexit2.o)
    0x080002aa   0x080002aa   0x00000002   PAD
    0x080002ac   0x080002ac   0x00000040   Code   RO         2344    .text               startup_at32f435_437.o
    0x080002ec   0x080002ec   0x000000ee   Code   RO         2921    .text               c_w.l(lludivv7m.o)
    0x080003da   0x080003da   0x0000008a   Code   RO         2923    .text               c_w.l(rt_memcpy_v6.o)
    0x08000464   0x08000464   0x00000006   Code   RO         2925    .text               c_w.l(heapauxi.o)
    0x0800046a   0x0800046a   0x00000064   Code   RO         2961    .text               c_w.l(rt_memcpy_w.o)
    0x080004ce   0x080004ce   0x00000002   PAD
    0x080004d0   0x080004d0   0x00000008   Code   RO         3012    .text               c_w.l(libspace.o)
    0x080004d8   0x080004d8   0x00000002   Code   RO         3051    .text               c_w.l(use_no_semi.o)
    0x080004da   0x080004da   0x00000000   Code   RO         3053    .text               c_w.l(indicate_semi.o)
    0x080004da   0x080004da   0x0000004a   Code   RO         3054    .text               c_w.l(sys_stackheap_outer.o)
    0x08000524   0x08000524   0x00000012   Code   RO         3060    .text               c_w.l(exit.o)
    0x08000536   0x08000536   0x00000002   PAD
    0x08000538   0x08000538   0x0000000c   Code   RO         3080    .text               c_w.l(sys_exit.o)
    0x08000544   0x08000544   0x00000004   Code   RO            4    i.BusFault_Handler  at32f435_437_int.o
    0x08000548   0x08000548   0x0000002c   Code   RO         2741    i.CRC16_Table       decode.o
    0x08000574   0x08000574   0x00000034   Code   RO         2743    i.CRC32_Table       decode.o
    0x080005a8   0x080005a8   0x00000040   Code   RO         2744    i.CRC32_Table_Without  decode.o
    0x080005e8   0x080005e8   0x00000024   Code   RO         2746    i.CRC8_Table        decode.o
    0x0800060c   0x0800060c   0x0000003c   Code   RO            5    i.CortexM_Get_Us    at32f435_437_int.o
    0x08000648   0x08000648   0x00000054   Code   RO            6    i.DMA1_Channel1_IRQHandler  at32f435_437_int.o
    0x0800069c   0x0800069c   0x00000028   Code   RO            7    i.DMA1_Channel2_IRQHandler  at32f435_437_int.o
    0x080006c4   0x080006c4   0x00000002   Code   RO            8    i.DebugMon_Handler  at32f435_437_int.o
    0x080006c6   0x080006c6   0x00000002   PAD
    0x080006c8   0x080006c8   0x00000050   Code   RO         2748    i.DecodeMCU         decode.o
    0x08000718   0x08000718   0x00000050   Code   RO         2749    i.DecodeMessage     decode.o
    0x08000768   0x08000768   0x00000038   Code   RO         2594    i.FDI_Flash_Program  serialboot.o
    0x080007a0   0x080007a0   0x0000002c   Code   RO         2837    i.FDI_Get_ChipID_128  hardware_name.o
    0x080007cc   0x080007cc   0x00000090   Code   RO         2388    i.Firmware_Check    iap.o
    0x0800085c   0x0800085c   0x00000018   Code   RO         2750    i.GetBit            decode.o
    0x08000874   0x08000874   0x0000001c   Code   RO         2838    i.Get_Hardware_Name  hardware_name.o
    0x08000890   0x08000890   0x00000004   Code   RO            9    i.HardFault_Handler  at32f435_437_int.o
    0x08000894   0x08000894   0x000000b8   Code   RO         2389    i.IAP               iap.o
    0x0800094c   0x0800094c   0x00000004   Code   RO           10    i.MemManage_Handler  at32f435_437_int.o
    0x08000950   0x08000950   0x00000002   Code   RO           11    i.NMI_Handler       at32f435_437_int.o
    0x08000952   0x08000952   0x00000040   Code   RO          201    i.NVIC_EncodePriority  at32f435_437_wk_config.o
    0x08000992   0x08000992   0x00000002   Code   RO           12    i.PendSV_Handler    at32f435_437_int.o
    0x08000994   0x08000994   0x0000002c   Code   RO         2390    i.ResetMCU          iap.o
    0x080009c0   0x080009c0   0x00000002   Code   RO           13    i.SVC_Handler       at32f435_437_int.o
    0x080009c2   0x080009c2   0x00000002   PAD
    0x080009c4   0x080009c4   0x00000020   Code   RO         2595    i.SerialBoot_CheckData  serialboot.o
    0x080009e4   0x080009e4   0x00000064   Code   RO         2596    i.SerialBoot_Download  serialboot.o
    0x08000a48   0x08000a48   0x00000064   Code   RO         2597    i.SerialBoot_Download_Message  serialboot.o
    0x08000aac   0x08000aac   0x000000d0   Code   RO         2598    i.SerialBoot_Effect  serialboot.o
    0x08000b7c   0x08000b7c   0x00000038   Code   RO         2599    i.SerialBoot_Erasure  serialboot.o
    0x08000bb4   0x08000bb4   0x0000000c   Code   RO         2600    i.SerialBoot_Error  serialboot.o
    0x08000bc0   0x08000bc0   0x00000054   Code   RO         2601    i.SerialBoot_FirmwareName  serialboot.o
    0x08000c14   0x08000c14   0x00000044   Code   RO         2602    i.SerialBoot_Initialize  serialboot.o
    0x08000c58   0x08000c58   0x00000060   Code   RO         2603    i.SerialBoot_Insert  serialboot.o
    0x08000cb8   0x08000cb8   0x0000005c   Code   RO         2604    i.SerialBoot_MCUReset  serialboot.o
    0x08000d14   0x08000d14   0x0000004c   Code   RO         2605    i.SerialBoot_Name   serialboot.o
    0x08000d60   0x08000d60   0x00000078   Code   RO         2606    i.SerialBoot_Receive  serialboot.o
    0x08000dd8   0x08000dd8   0x0000002c   Code   RO         2607    i.SerialBoot_Reset  serialboot.o
    0x08000e04   0x08000e04   0x00000168   Code   RO         2608    i.SerialBoot_RunningData  serialboot.o
    0x08000f6c   0x08000f6c   0x0000008c   Code   RO         2609    i.SerialBoot_Send   serialboot.o
    0x08000ff8   0x08000ff8   0x00000020   Code   RO         2610    i.SerialBoot_SendOver  serialboot.o
    0x08001018   0x08001018   0x00000008   Code   RO         2611    i.SerialBoot_Unlock  serialboot.o
    0x08001020   0x08001020   0x000000a4   Code   RO         2612    i.SerialBoot_Version  serialboot.o
    0x080010c4   0x080010c4   0x0000006c   Code   RO         2613    i.SerialWrite       serialboot.o
    0x08001130   0x08001130   0x00000030   Code   RO         2391    i.SetBootStatus     iap.o
    0x08001160   0x08001160   0x00000058   Code   RO          256    i.Shift_Firmware    main.o
    0x080011b8   0x080011b8   0x00000002   Code   RO           14    i.SysTick_Handler   at32f435_437_int.o
    0x080011ba   0x080011ba   0x00000002   PAD
    0x080011bc   0x080011bc   0x00000090   Code   RO         2351    i.SystemInit        system_at32f435_437.o
    0x0800124c   0x0800124c   0x00000038   Code   RO           15    i.TMR5_GLOBAL_IRQHandler  at32f435_437_int.o
    0x08001284   0x08001284   0x00000056   Code   RO         2751    i.ToBlock56bits     decode.o
    0x080012da   0x080012da   0x00000026   Code   RO         2752    i.ToBlocks          decode.o
    0x08001300   0x08001300   0x0000004a   Code   RO         2753    i.ToValue56bits     decode.o
    0x0800134a   0x0800134a   0x00000026   Code   RO         2754    i.ToValues          decode.o
    0x08001370   0x08001370   0x00000118   Code   RO         2448    i.UART_RingSpaceInit_ByBaudrate  uart_serve.o
    0x08001488   0x08001488   0x00000040   Code   RO         2449    i.UART_Serve_Init   uart_serve.o
    0x080014c8   0x080014c8   0x00000054   Code   RO           16    i.USART1_IRQHandler  at32f435_437_int.o
    0x0800151c   0x0800151c   0x00000004   Code   RO           17    i.UsageFault_Handler  at32f435_437_int.o
    0x08001520   0x08001520   0x00000010   Code   RO          202    i.__NVIC_GetPriorityGrouping  at32f435_437_wk_config.o
    0x08001530   0x08001530   0x00000028   Code   RO          203    i.__NVIC_SetPriority  at32f435_437_wk_config.o
    0x08001558   0x08001558   0x00000006   Code   RO         2450    i.__set_PRIMASK     uart_serve.o
    0x0800155e   0x0800155e   0x00000002   PAD
    0x08001560   0x08001560   0x00000014   Code   RO          424    i.crm_ahb_div_set   at32f435_437_crm.o
    0x08001574   0x08001574   0x00000014   Code   RO          425    i.crm_apb1_div_set  at32f435_437_crm.o
    0x08001588   0x08001588   0x00000014   Code   RO          426    i.crm_apb2_div_set  at32f435_437_crm.o
    0x0800159c   0x0800159c   0x00000028   Code   RO          427    i.crm_auto_step_mode_enable  at32f435_437_crm.o
    0x080015c4   0x080015c4   0x00000068   Code   RO          434    i.crm_clock_source_enable  at32f435_437_crm.o
    0x0800162c   0x0800162c   0x00000114   Code   RO          435    i.crm_clocks_freq_get  at32f435_437_crm.o
    0x08001740   0x08001740   0x00000030   Code   RO          440    i.crm_flag_get      at32f435_437_crm.o
    0x08001770   0x08001770   0x0000002e   Code   RO          442    i.crm_hext_stable_wait  at32f435_437_crm.o
    0x0800179e   0x0800179e   0x00000002   PAD
    0x080017a0   0x080017a0   0x0000004c   Code   RO          450    i.crm_periph_clock_enable  at32f435_437_crm.o
    0x080017ec   0x080017ec   0x00000048   Code   RO          453    i.crm_pll_config    at32f435_437_crm.o
    0x08001834   0x08001834   0x00000078   Code   RO          455    i.crm_reset         at32f435_437_crm.o
    0x080018ac   0x080018ac   0x0000003c   Code   RO          456    i.crm_sysclk_switch  at32f435_437_crm.o
    0x080018e8   0x080018e8   0x00000010   Code   RO          457    i.crm_sysclk_switch_status_get  at32f435_437_crm.o
    0x080018f8   0x080018f8   0x0000000a   Code   RO         1439    i.dma_channel_enable  at32f435_437_dma.o
    0x08001902   0x08001902   0x00000018   Code   RO         1442    i.dma_default_para_init  at32f435_437_dma.o
    0x0800191a   0x0800191a   0x00000002   PAD
    0x0800191c   0x0800191c   0x00000020   Code   RO         1443    i.dma_flag_clear    at32f435_437_dma.o
    0x0800193c   0x0800193c   0x0000002c   Code   RO         1444    i.dma_flag_get      at32f435_437_dma.o
    0x08001968   0x08001968   0x00000062   Code   RO         1446    i.dma_init          at32f435_437_dma.o
    0x080019ca   0x080019ca   0x00000012   Code   RO         1447    i.dma_interrupt_enable  at32f435_437_dma.o
    0x080019dc   0x080019dc   0x00000070   Code   RO         1449    i.dma_reset         at32f435_437_dma.o
    0x08001a4c   0x08001a4c   0x0000000e   Code   RO         1450    i.dmamux_enable     at32f435_437_dma.o
    0x08001a5a   0x08001a5a   0x0000000a   Code   RO         1457    i.dmamux_init       at32f435_437_dma.o
    0x08001a64   0x08001a64   0x0000001c   Code   RO         1992    i.ertc_bpr_data_read  at32f435_437_ertc.o
    0x08001a80   0x08001a80   0x00000018   Code   RO         1993    i.ertc_bpr_data_write  at32f435_437_ertc.o
    0x08001a98   0x08001a98   0x00000034   Code   RO         1651    i.flash_bank1_operation_status_get  at32f435_437_flash.o
    0x08001acc   0x08001acc   0x00000024   Code   RO         1652    i.flash_bank1_operation_wait_for  at32f435_437_flash.o
    0x08001af0   0x08001af0   0x00000034   Code   RO         1656    i.flash_bank2_operation_status_get  at32f435_437_flash.o
    0x08001b24   0x08001b24   0x00000024   Code   RO         1657    i.flash_bank2_operation_wait_for  at32f435_437_flash.o
    0x08001b48   0x08001b48   0x0000009c   Code   RO         1659    i.flash_block_erase  at32f435_437_flash.o
    0x08001be4   0x08001be4   0x00000084   Code   RO         1660    i.flash_byte_program  at32f435_437_flash.o
    0x08001c68   0x08001c68   0x0000002c   Code   RO         1668    i.flash_flag_clear  at32f435_437_flash.o
    0x08001c94   0x08001c94   0x00000028   Code   RO         1673    i.flash_lock        at32f435_437_flash.o
    0x08001cbc   0x08001cbc   0x00000024   Code   RO         1687    i.flash_unlock      at32f435_437_flash.o
    0x08001ce0   0x08001ce0   0x00000014   Code   RO         1028    i.gpio_default_para_init  at32f435_437_gpio.o
    0x08001cf4   0x08001cf4   0x0000007a   Code   RO         1029    i.gpio_init         at32f435_437_gpio.o
    0x08001d6e   0x08001d6e   0x00000042   Code   RO         1034    i.gpio_pin_mux_config  at32f435_437_gpio.o
    0x08001db0   0x08001db0   0x000000f4   Code   RO          257    i.main              main.o
    0x08001ea4   0x08001ea4   0x00000034   Code   RO         2566    i.memory_allocation  memory_alloc.o
    0x08001ed8   0x08001ed8   0x000000c8   Code   RO         1921    i.nvic_irq_enable   at32f435_437_misc.o
    0x08001fa0   0x08001fa0   0x00000028   Code   RO         1923    i.nvic_priority_group_config  at32f435_437_misc.o
    0x08001fc8   0x08001fc8   0x00000014   Code   RO         1355    i.pwc_battery_powered_domain_access  at32f435_437_pwc.o
    0x08001fdc   0x08001fdc   0x00000024   Code   RO         2548    i.ring_buf_tx_init  ring_buffer.o
    0x08002000   0x08002000   0x00000024   Code   RO         2451    i.serial_available  uart_serve.o
    0x08002024   0x08002024   0x00000034   Code   RO         2392    i.serial_check      iap.o
    0x08002058   0x08002058   0x0000005c   Code   RO         2452    i.serial_read       uart_serve.o
    0x080020b4   0x080020b4   0x00000090   Code   RO         2453    i.serial_receive    uart_serve.o
    0x08002144   0x08002144   0x000000f4   Code   RO         2352    i.system_core_clock_update  system_at32f435_437.o
    0x08002238   0x08002238   0x00000028   Code   RO         1926    i.systick_clock_source_config  at32f435_437_misc.o
    0x08002260   0x08002260   0x0000001c   Code   RO          659    i.tmr_32_bit_function_enable  at32f435_437_tmr.o
    0x0800227c   0x0800227c   0x00000010   Code   RO          660    i.tmr_base_init     at32f435_437_tmr.o
    0x0800228c   0x0800228c   0x0000000a   Code   RO          669    i.tmr_clock_source_div_set  at32f435_437_tmr.o
    0x08002296   0x08002296   0x0000000a   Code   RO          670    i.tmr_cnt_dir_set   at32f435_437_tmr.o
    0x080022a0   0x080022a0   0x0000000a   Code   RO          671    i.tmr_counter_enable  at32f435_437_tmr.o
    0x080022aa   0x080022aa   0x0000000a   Code   RO          706    i.tmr_period_buffer_enable  at32f435_437_tmr.o
    0x080022b4   0x080022b4   0x0000000a   Code   RO          709    i.tmr_primary_mode_select  at32f435_437_tmr.o
    0x080022be   0x080022be   0x0000000a   Code   RO          714    i.tmr_sub_sync_mode_set  at32f435_437_tmr.o
    0x080022c8   0x080022c8   0x0000000a   Code   RO         1134    i.usart_dma_receiver_enable  at32f435_437_usart.o
    0x080022d2   0x080022d2   0x0000000a   Code   RO         1135    i.usart_dma_transmitter_enable  at32f435_437_usart.o
    0x080022dc   0x080022dc   0x0000000a   Code   RO         1136    i.usart_enable      at32f435_437_usart.o
    0x080022e6   0x080022e6   0x00000012   Code   RO         1137    i.usart_flag_clear  at32f435_437_usart.o
    0x080022f8   0x080022f8   0x00000066   Code   RO         1139    i.usart_hardware_flow_control_set  at32f435_437_usart.o
    0x0800235e   0x0800235e   0x00000002   PAD
    0x08002360   0x08002360   0x000000ac   Code   RO         1141    i.usart_init        at32f435_437_usart.o
    0x0800240c   0x0800240c   0x00000036   Code   RO         1142    i.usart_interrupt_enable  at32f435_437_usart.o
    0x08002442   0x08002442   0x0000004c   Code   RO         1148    i.usart_parity_selection_config  at32f435_437_usart.o
    0x0800248e   0x0800248e   0x0000000a   Code   RO         1149    i.usart_receiver_enable  at32f435_437_usart.o
    0x08002498   0x08002498   0x0000000a   Code   RO         1159    i.usart_transmitter_enable  at32f435_437_usart.o
    0x080024a2   0x080024a2   0x00000002   PAD
    0x080024a4   0x080024a4   0x00000060   Code   RO          364    i.wk_dma1_channel1_init  wk_dma.o
    0x08002504   0x08002504   0x00000064   Code   RO          365    i.wk_dma1_channel2_init  wk_dma.o
    0x08002568   0x08002568   0x00000008   Code   RO          366    i.wk_dma_channel_config  wk_dma.o
    0x08002570   0x08002570   0x000000e8   Code   RO          204    i.wk_nvic_config    at32f435_437_wk_config.o
    0x08002658   0x08002658   0x00000048   Code   RO          205    i.wk_periph_clock_config  at32f435_437_wk_config.o
    0x080026a0   0x080026a0   0x000000c8   Code   RO          206    i.wk_system_clock_config  at32f435_437_wk_config.o
    0x08002768   0x08002768   0x00000040   Code   RO          303    i.wk_timebase_init  wk_system.o
    0x080027a8   0x080027a8   0x00000050   Code   RO          400    i.wk_tmr5_init      wk_tmr.o
    0x080027f8   0x080027f8   0x000000c4   Code   RO          340    i.wk_usart1_init    wk_usart.o
    0x080028bc   0x080028bc   0x0000000a   Code   RO         3049    x$fpl$fpinit        fz_wm.l(fpinit.o)
    0x080028c6   0x080028c6   0x00000026   Data   RO          460    .constdata          at32f435_437_crm.o
    0x080028ec   0x080028ec   0x00000016   Data   RO         2353    .constdata          system_at32f435_437.o
    0x08002902   0x08002902   0x00000002   PAD
    0x08002904   0x08002904   0x0000000c   Data   RO         2615    .constdata          serialboot.o
    0x08002910   0x08002910   0x00000800   Data   RO         2755    .constdata          decode.o
    0x08003110   0x08003110   0x00000007   Data   RO         2839    .constdata          hardware_name.o
    0x08003117   0x08003117   0x00000001   PAD
    0x08003118   0x08003118   0x00000020   Data   RO         3138    Region$$Table       anon$$obj.o


    Execution Region RW_IRAM1 (Exec base: 0x20000000, Load base: 0x08003138, Size: 0x000085d0, Max: 0x00060000, ABSOLUTE)

    Exec Addr    Load Addr    Size         Type   Attr      Idx    E Section Name        Object

    0x20000000   0x08003138   0x00000005   Data   RW           18    .data               at32f435_437_int.o
    0x20000005   0x0800313d   0x00000003   PAD
    0x20000008   0x08003140   0x00000004   Data   RW          304    .data               wk_system.o
    0x2000000c   0x08003144   0x00000004   Data   RW         2354    .data               system_at32f435_437.o
    0x20000010   0x08003148   0x00000001   Data   RW         2393    .data               iap.o
    0x20000011   0x08003149   0x00000003   PAD
    0x20000014   0x0800314c   0x0000000c   Data   RW         2455    .data               uart_serve.o
    0x20000020   0x08003158   0x00000004   Data   RW         2568    .data               memory_alloc.o
    0x20000024   0x0800315c   0x00000004   PAD
    0x20000028   0x08003160   0x00000030   Data   RW         2616    .data               serialboot.o
    0x20000058        -       0x0000301c   Zero   RW         2454    .bss                uart_serve.o
    0x20003074        -       0x00004000   Zero   RW         2567    .bss                memory_alloc.o
    0x20007074        -       0x00000efc   Zero   RW         2614    .bss                serialboot.o
    0x20007f70        -       0x00000060   Zero   RW         3013    .bss                c_w.l(libspace.o)
    0x20007fd0        -       0x00000200   Zero   RW         2342    HEAP                startup_at32f435_437.o
    0x200081d0        -       0x00000400   Zero   RW         2341    STACK               startup_at32f435_437.o


==============================================================================

Image component sizes


      Code (inc. data)   RO Data    RW Data    ZI Data      Debug   Object Name

       918        110         38          0          0       8808   at32f435_437_crm.o
       362         30          0          0          0       6009   at32f435_437_dma.o
        52         10          0          0          0       1703   at32f435_437_ertc.o
       584         50          0          0          0       5900   at32f435_437_flash.o
       208          0          0          0          0       2491   at32f435_437_gpio.o
       350         56          0          5          0      94663   at32f435_437_int.o
       280         18          0          0          0      32716   at32f435_437_misc.o
        20          6          0          0          0        604   at32f435_437_pwc.o
       104          6          0          0          0       5340   at32f435_437_tmr.o
       472         10          0          0          0       7076   at32f435_437_usart.o
       624         44          0          0          0      33466   at32f435_437_wk_config.o
       616         30       2048          0          0       9275   decode.o
        72          8          7          0          0       2037   hardware_name.o
       472         40          0          1          0      39731   iap.o
       332         38          0          0          0       8520   main.o
        52          8          0          4      16384       1327   memory_alloc.o
        36          0          0          0          0       1435   ring_buffer.o
      1956        270         12         48       3836      16884   serialboot.o
        64         26        524          0       1536        832   startup_at32f435_437.o
       388         46         22          4          0       2312   system_at32f435_437.o
       622         60          0         12      12316       5864   uart_serve.o
       204         10          0          0          0       2144   wk_dma.o
        64          8          0          4          0       1180   wk_system.o
        80          6          0          0          0        515   wk_tmr.o
       196         14          0          0          0        617   wk_usart.o

    ----------------------------------------------------------------------
      9144        904       2686         88      34072     291449   Object Totals
         0          0         32          0          0          0   (incl. Generated)
        16          0          3         10          0          0   (incl. Padding)

    ----------------------------------------------------------------------

      Code (inc. data)   RO Data    RW Data    ZI Data      Debug   Library Member Name

         8          0          0          0          0         68   __main.o
         0          0          0          0          0          0   __rtentry.o
        12          0          0          0          0          0   __rtentry2.o
         6          0          0          0          0          0   __rtentry4.o
        52          8          0          0          0          0   __scatter.o
        26          0          0          0          0          0   __scatter_copy.o
        28          0          0          0          0          0   __scatter_zi.o
        18          0          0          0          0         80   exit.o
         6          0          0          0          0        152   heapauxi.o
         0          0          0          0          0          0   indicate_semi.o
         2          0          0          0          0          0   libinit.o
         6          0          0          0          0          0   libinit2.o
         2          0          0          0          0          0   libshutdown.o
         2          0          0          0          0          0   libshutdown2.o
         8          4          0          0         96         68   libspace.o
       238          0          0          0          0        100   lludivv7m.o
       138          0          0          0          0         68   rt_memcpy_v6.o
       100          0          0          0          0         80   rt_memcpy_w.o
         2          0          0          0          0          0   rtexit.o
        10          0          0          0          0          0   rtexit2.o
        12          4          0          0          0         68   sys_exit.o
        74          0          0          0          0         80   sys_stackheap_outer.o
         2          0          0          0          0         68   use_no_semi.o
        10          0          0          0          0        116   fpinit.o

    ----------------------------------------------------------------------
       770         16          0          0         96        948   Library Totals
         8          0          0          0          0          0   (incl. Padding)

    ----------------------------------------------------------------------

      Code (inc. data)   RO Data    RW Data    ZI Data      Debug   Library Name

       752         16          0          0         96        832   c_w.l
        10          0          0          0          0        116   fz_wm.l

    ----------------------------------------------------------------------
       770         16          0          0         96        948   Library Totals

    ----------------------------------------------------------------------

==============================================================================


      Code (inc. data)   RO Data    RW Data    ZI Data      Debug   

      9914        920       2686         88      34168     279385   Grand Totals
      9914        920       2686         88      34168     279385   ELF Image Totals
      9914        920       2686         88          0          0   ROM Totals

==============================================================================

    Total RO  Size (Code + RO Data)                12600 (  12.30kB)
    Total RW  Size (RW Data + ZI Data)             34256 (  33.45kB)
    Total ROM Size (Code + RO Data + RW Data)      12688 (  12.39kB)

==============================================================================

